4:lda
8:lda
12:lda
16:lda
20:lda
24:lda
28:addq
32:addq
36:mulq
40:addq
44:addq
48:mulq
52:mulq
56:mulq
60:addq
64:addq
68:mulq
72:addq
76:addq
80:mulq
84:addq
88:mulq
92:addq
96:mulq
100:addq
104:mulq
108:addq
112:addq
116:halt
