Chronologic VCS simulator copyright 1991-2012
Contains Synopsys proprietary information.
Compiler version G-2012.09_Full64; Runtime version G-2012.09_Full64;  Dec 10 00:19 2012
@@
@@
@@                     0  Asserting System reset......
@@
@@                     0 : System STILL at reset, can't show anything
@@
@@
@@                   100 : System STILL at reset, can't show anything
@@
@@
@@                   200 : System STILL at reset, can't show anything
@@
@@
@@                   300 : System STILL at reset, can't show anything
@@
@@                   360  Deasserting System reset......
@@
@@
@@@ Unified Memory contents hex on left, decimal on right: 
@@@
@@@ mem[    0] = 205f0000203f0002 : 2332583132542205954
@@@ mem[    8] = 209f0006207f0004 : 2350597556825686020
@@@ mem[   16] = 23ff000e20bf0008 : 2593791971067625480
@@@ mem[   24] = 4043040740220406 : 4630549271054255110
@@@ mem[   32] = 409f04094c870408 : 4656444977709515784
@@@ mem[   40] = 4c85040840a3040b : 5513817752275715083
@@@ mem[   48] = 4c6404054c220403 : 5504529065352233987
@@@ mem[   56] = 40c7040840650406 : 4667703972279419910
@@@ mem[   64] = 402304024cc80407 : 4621542050536883207
@@@ mem[   72] = 4c42040240670403 : 5494958903062365187
@@@ mem[   80] = 4c42040240420402 : 5494958903059940354
@@@ mem[   88] = 4c42040240420402 : 5494958903059940354
@@@ mem[   96] = 4fff041f40420402 : 5764330580326089730
@@@ mem[  104] = 4022040343ff041f : 4621260579707749407
@@@ mem[  112] = 0000000000000555 : 1365
@@@
@@@
@@                 18220 : System halted
@@
@@@ System halted on HALT instruction
@@@
@@
@@  179 cycles / 28 instrs = 6.392857 CPI
@@
@@  5340.00 ns total time to execute
@@

$finish called from file "testbench/testbench.v", line 290.
$finish at simulation time                19220
           V C S   S i m u l a t i o n   R e p o r t 
Time: 1922000 ps
CPU Time:      0.430 seconds;       Data structure size:   0.1Mb
Mon Dec 10 00:19:14 2012
