4:lda
8:lda
12:lda
16:lda
20:addq
24:subq
28:subq
32:addq
36:mulq
40:addq
44:mulq
48:bne
28:subq
32:addq
36:mulq
40:addq
44:mulq
48:bne
28:subq
32:addq
36:mulq
40:addq
44:mulq
48:bne
28:subq
32:addq
36:mulq
40:addq
44:mulq
48:bne
28:subq
32:addq
36:mulq
40:addq
44:mulq
48:bne
52:addq
56:halt
