r1=10
r2=1
r3=1015
r4=4
r10=2
r1=9
r5=5
r5=4
r6=36
r3=1051
r7=13
r4=17
r10=4
r5=3
r6=27
r3=1078
r7=12
r4=29
r10=8
r5=2
r6=18
r3=1096
r7=11
r4=40
r10=16
r5=1
r6=9
r3=1105
r7=10
r4=50
r10=32
r5=0
r6=0
r3=1105
r7=9
r4=59
r10=64
r1=8
r5=5
r5=4
r6=32
r3=1137
r7=12
r4=71
r10=128
r5=3
r6=24
r3=1161
r7=11
r4=82
r10=256
r5=2
r6=16
r3=1177
r7=10
r4=92
r10=512
r5=1
r6=8
r3=1185
r7=9
r4=101
r10=1024
r5=0
r6=0
r3=1185
r7=8
r4=109
r10=2048
r1=7
r5=5
r5=4
r6=28
r3=1213
r7=11
r4=120
r10=4096
r5=3
r6=21
r3=1234
r7=10
r4=130
r10=8192
r5=2
r6=14
r3=1248
r7=9
r4=139
r10=16384
r5=1
r6=7
r3=1255
r7=8
r4=147
r10=32768
r5=0
r6=0
r3=1255
r7=7
r4=154
r10=65536
r1=6
r5=5
r5=4
r6=24
r3=1279
r7=10
r4=164
r10=131072
r5=3
r6=18
r3=1297
r7=9
r4=173
r10=262144
r5=2
r6=12
r3=1309
r7=8
r4=181
r10=524288
r5=1
r6=6
r3=1315
r7=7
r4=188
r10=1048576
r5=0
r6=0
r3=1315
r7=6
r4=194
r10=2097152
r1=5
r5=5
r5=4
r6=20
r3=1335
r7=9
r4=203
r10=4194304
r5=3
r6=15
r3=1350
r7=8
r4=211
r10=8388608
r5=2
r6=10
r3=1360
r7=7
r4=218
r10=16777216
r5=1
r6=5
r3=1365
r7=6
r4=224
r10=33554432
r5=0
r6=0
r3=1365
r7=5
r4=229
r10=67108864
r1=4
r5=5
r5=4
r6=16
r3=1381
r7=8
r4=237
r10=134217728
r5=3
r6=12
r3=1393
r7=7
r4=244
r10=268435456
r5=2
r6=8
r3=1401
r7=6
r4=250
r10=536870912
r5=1
r6=4
r3=1405
r7=5
r4=255
r10=1073741824
r5=0
r6=0
r3=1405
r7=4
r4=259
r10=-2147483648
r1=3
r5=5
r5=4
r6=12
r3=1417
r7=7
r4=266
r10=0x10
r5=3
r6=9
r3=1426
r7=6
r4=272
r10=0x20
r5=2
r6=6
r3=1432
r7=5
r4=277
r10=0x40
r5=1
r6=3
r3=1435
r7=4
r4=281
r10=0x80
r5=0
r6=0
r3=1435
r7=3
r4=284
r10=0x100
r1=2
r5=5
r5=4
r6=8
r3=1443
r7=6
r4=290
r10=0x200
r5=3
r6=6
r3=1449
r7=5
r4=295
r10=0x400
r5=2
r6=4
r3=1453
r7=4
r4=299
r10=0x800
r5=1
r6=2
r3=1455
r7=3
r4=302
r10=0x1000
r5=0
r6=0
r3=1455
r7=2
r4=304
r10=0x2000
r1=1
r5=5
r5=4
r6=4
r3=1459
r7=5
r4=309
r10=0x4000
r5=3
r6=3
r3=1462
r7=4
r4=313
r10=0x8000
r5=2
r6=2
r3=1464
r7=3
r4=316
r10=0x10000
r5=1
r6=1
r3=1465
r7=2
r4=318
r10=0x20000
r5=0
r6=0
r3=1465
r7=1
r4=319
r10=0x40000
r1=0
r5=5
r5=4
r6=0
r3=1465
r7=4
r4=323
r10=0x80000
r5=3
r6=0
r3=1465
r7=3
r4=326
r10=0x100000
r5=2
r6=0
r3=1465
r7=2
r4=328
r10=0x200000
r5=1
r6=0
r3=1465
r7=1
r4=329
r10=0x400000
r5=0
r6=0
r3=1465
r7=0
r4=329
r10=0x800000
r8=1
r9=1
