r1=1
r2=5
r3=2
r4=8
r4=10
r6=8
r2=4
r6=18
r4=4
r7=19
r20=8
r2=3
r6=22
r4=4
r7=23
r20=8
r2=2
r6=26
r4=4
r7=27
r20=8
r2=1
r6=30
r4=4
r7=31
r20=8
r2=0
r6=34
r4=4
r7=35
r20=8
r9=1
