4:lda
8:lda
12:lda
16:lda
20:lda
24:subq
28:lda
32:subq
36:mulq
40:addq
44:addq
48:addq
52:addq
56:bne
32:subq
36:mulq
40:addq
44:addq
48:addq
52:addq
56:bne
32:subq
36:mulq
40:addq
44:addq
48:addq
52:addq
56:bne
32:subq
36:mulq
40:addq
44:addq
48:addq
52:addq
56:bne
32:subq
36:mulq
40:addq
44:addq
48:addq
52:addq
56:bne
60:bne
24:subq
28:lda
32:subq
36:mulq
40:addq
44:addq
48:addq
52:addq
56:bne
32:subq
36:mulq
40:addq
44:addq
48:addq
52:addq
56:bne
32:subq
36:mulq
40:addq
44:addq
48:addq
52:addq
56:bne
32:subq
36:mulq
40:addq
44:addq
48:addq
52:addq
56:bne
32:subq
36:mulq
40:addq
44:addq
48:addq
52:addq
56:bne
60:bne
24:subq
28:lda
32:subq
36:mulq
40:addq
44:addq
48:addq
52:addq
56:bne
32:subq
36:mulq
40:addq
44:addq
48:addq
52:addq
56:bne
32:subq
36:mulq
40:addq
44:addq
48:addq
52:addq
56:bne
32:subq
36:mulq
40:addq
44:addq
48:addq
52:addq
56:bne
32:subq
36:mulq
40:addq
44:addq
48:addq
52:addq
56:bne
60:bne
24:subq
28:lda
32:subq
36:mulq
40:addq
44:addq
48:addq
52:addq
56:bne
32:subq
36:mulq
40:addq
44:addq
48:addq
52:addq
56:bne
32:subq
36:mulq
40:addq
44:addq
48:addq
52:addq
56:bne
32:subq
36:mulq
40:addq
44:addq
48:addq
52:addq
56:bne
32:subq
36:mulq
40:addq
44:addq
48:addq
52:addq
56:bne
60:bne
24:subq
28:lda
32:subq
36:mulq
40:addq
44:addq
48:addq
52:addq
56:bne
32:subq
36:mulq
40:addq
44:addq
48:addq
52:addq
56:bne
32:subq
36:mulq
40:addq
44:addq
48:addq
52:addq
56:bne
32:subq
36:mulq
40:addq
44:addq
48:addq
52:addq
56:bne
32:subq
36:mulq
40:addq
44:addq
48:addq
52:addq
56:bne
60:bne
24:subq
28:lda
32:subq
36:mulq
40:addq
44:addq
48:addq
52:addq
56:bne
32:subq
36:mulq
40:addq
44:addq
48:addq
52:addq
56:bne
32:subq
36:mulq
40:addq
44:addq
48:addq
52:addq
56:bne
32:subq
36:mulq
40:addq
44:addq
48:addq
52:addq
56:bne
32:subq
36:mulq
40:addq
44:addq
48:addq
52:addq
56:bne
60:bne
24:subq
28:lda
32:subq
36:mulq
40:addq
44:addq
48:addq
52:addq
56:bne
32:subq
36:mulq
40:addq
44:addq
48:addq
52:addq
56:bne
32:subq
36:mulq
40:addq
44:addq
48:addq
52:addq
56:bne
32:subq
36:mulq
40:addq
44:addq
48:addq
52:addq
56:bne
32:subq
36:mulq
40:addq
44:addq
48:addq
52:addq
56:bne
60:bne
24:subq
28:lda
32:subq
36:mulq
40:addq
44:addq
48:addq
52:addq
56:bne
32:subq
36:mulq
40:addq
44:addq
48:addq
52:addq
56:bne
32:subq
36:mulq
40:addq
44:addq
48:addq
52:addq
56:bne
32:subq
36:mulq
40:addq
44:addq
48:addq
52:addq
56:bne
32:subq
36:mulq
40:addq
44:addq
48:addq
52:addq
56:bne
60:bne
24:subq
28:lda
32:subq
36:mulq
40:addq
44:addq
48:addq
52:addq
56:bne
32:subq
36:mulq
40:addq
44:addq
48:addq
52:addq
56:bne
32:subq
36:mulq
40:addq
44:addq
48:addq
52:addq
56:bne
32:subq
36:mulq
40:addq
44:addq
48:addq
52:addq
56:bne
32:subq
36:mulq
40:addq
44:addq
48:addq
52:addq
56:bne
60:bne
24:subq
28:lda
32:subq
36:mulq
40:addq
44:addq
48:addq
52:addq
56:bne
32:subq
36:mulq
40:addq
44:addq
48:addq
52:addq
56:bne
32:subq
36:mulq
40:addq
44:addq
48:addq
52:addq
56:bne
32:subq
36:mulq
40:addq
44:addq
48:addq
52:addq
56:bne
32:subq
36:mulq
40:addq
44:addq
48:addq
52:addq
56:bne
60:bne
64:addq
68:addq
72:halt
