r29=0
r0=0
r1=1
r20=1
r29=1
r20=0x10
r29=0x11
r20=0
r29=0x11
r20=0x20
r29=0x31
r20=4
r29=0x35
r20=0x40
r29=0x75
r20=8
r29=0x7d
r20=0x80
r29=0xfd
r20=0
r29=0xfd
r20=0
r29=0xfd
r20=32
r29=0xf2d
r20=0x200
r29=0x2f2d
r20=0
r29=0x2f2d
r20=0x400
r29=0x6f2d
r20=128
r29=0x6fad
r20=0x800
r29=0xefad
r20=0
r29=0xefad
r20=0
r29=0xefad
r20=512
r29=0xef2ad
r20=0x2000
r29=0x2ef2ad
r20=0
r29=0x2ef2ad
r20=0x4000
r29=0x6ef2ad
r20=2048
r29=0x6efaad
r20=0x8000
r29=0xeefaad
r20=4096
r29=0xeef1aad
r20=0x10000
r29=0x1eef1aad
r20=8192
r29=0x1eef3aad
r20=0x20000
r29=0x3eef3aad
r20=0
r29=0x3eef3aad
r20=0
r29=0x3eef3aad
r20=32768
r29=0x3eefbaad
r20=0x80000
r29=0xbeefbaad
r20=65536
r29=0xbeef1baad
r20=0x100000
r29=0x1beef1baad
r20=0
r29=0x1beef1baad
r20=0x200000
r29=0x3beef1baad
r20=262144
r29=0x3beef5baad
r20=0x400000
r29=0x7beef5baad
r20=524288
r29=0x7beefdbaad
r20=0x800000
r29=0xfbeefdbaad
r20=0
r29=0xfbeefdbaad
r20=0
r29=0xfbeefdbaad
r20=2097152
r29=0xfbeef2dbaad
r20=0x2000000
r29=0x2fbeef2dbaad
r20=0
r29=0x2fbeef2dbaad
r20=0x4000000
r29=0x6fbeef2dbaad
r20=8388608
r29=0x6fbeefadbaad
r20=0x8000000
r29=0xefbeefadbaad
r20=0
r29=0xefbeefadbaad
r20=0
r29=0xefbeefadbaad
r20=33554432
r29=0xefbeef2adbaad
r20=0x20000000
r29=0x2efbeef2adbaad
r20=0
r29=0x2efbeef2adbaad
r20=0x40000000
r29=0x6efbeef2adbaad
r20=134217728
r29=0x6efbeefaadbaad
r20=0x80000000
r29=0xeefbeefaadbaad
r20=268435456
r29=0xeefbeef1aadbaad
r20=0x100000000
r29=0x1eefbeef1aadbaad
r20=536870912
r29=0x1eefbeef3aadbaad
r20=0x200000000
r29=0x3eefbeef3aadbaad
r20=0
r29=0x3eefbeef3aadbaad
r20=0
r29=0x3eefbeef3aadbaad
r20=-2147483648
r29=0x3eefbeefbaadbaad
r20=0x800000000
r29=0xbeefbeefbaadbaad
r20=16000
