4:lda
8:lda
12:lda
16:sll
20:bis
24:beq
784:sll
788:bis
792:beq
796:br
40:sll
44:bis
48:beq
808:sll
812:bis
816:beq
820:br
64:sll
68:bis
72:beq
832:sll
836:bis
840:beq
844:br
88:sll
92:bis
96:beq
856:sll
860:bis
864:beq
868:br
112:sll
116:bis
120:beq
880:sll
884:bis
888:beq
892:br
136:sll
140:bis
144:beq
904:sll
908:bis
912:beq
916:br
160:sll
164:bis
168:beq
928:sll
932:bis
936:beq
940:br
184:sll
188:bis
192:beq
952:sll
956:bis
960:beq
964:br
208:sll
212:bis
216:beq
976:sll
980:bis
984:beq
988:br
232:sll
236:bis
240:beq
1000:sll
1004:bis
1008:beq
1012:br
256:sll
260:bis
264:beq
1024:sll
1028:bis
1032:beq
1036:br
280:sll
284:bis
288:beq
1048:sll
1052:bis
1056:beq
1060:br
304:sll
308:bis
312:beq
1072:sll
1076:bis
1080:beq
1084:br
328:sll
332:bis
336:beq
1096:sll
1100:bis
1104:beq
1108:br
352:sll
356:bis
360:beq
1120:sll
1124:bis
1128:beq
1132:br
376:sll
380:bis
384:beq
1144:sll
1148:bis
1152:beq
1156:br
400:sll
404:bis
408:beq
1168:sll
1172:bis
1176:beq
1180:br
424:sll
428:bis
432:beq
1192:sll
1196:bis
1200:beq
1204:br
448:sll
452:bis
456:beq
1216:sll
1220:bis
1224:beq
1228:br
472:sll
476:bis
480:beq
1240:sll
1244:bis
1248:beq
1252:br
496:sll
500:bis
504:beq
1264:sll
1268:bis
1272:beq
1276:br
520:sll
524:bis
528:beq
1288:sll
1292:bis
1296:beq
1300:br
544:sll
548:bis
552:beq
1312:sll
1316:bis
1320:beq
1324:br
568:sll
572:bis
576:beq
1336:sll
1340:bis
1344:beq
1348:br
592:sll
596:bis
600:beq
1360:sll
1364:bis
1368:beq
1372:br
616:sll
620:bis
624:beq
1384:sll
1388:bis
1392:beq
1396:br
640:sll
644:bis
648:beq
1408:sll
1412:bis
1416:beq
1420:br
664:sll
668:bis
672:beq
1432:sll
1436:bis
1440:beq
1444:br
688:sll
692:bis
696:beq
1456:sll
1460:bis
1464:beq
1468:br
712:sll
716:bis
720:beq
1480:sll
1484:bis
1488:beq
1492:br
736:sll
740:bis
744:beq
1504:sll
1508:bis
1512:beq
1516:br
760:sll
764:bis
768:beq
1528:sll
1532:bis
1536:beq
1540:br
1552:lda
1556:stq
1560:halt
