BUS_STORE MEM[4096] = 0 accepted 2
BUS_STORE MEM[4352] = 0 accepted 2
BUS_STORE MEM[4104] = 10 accepted 1
BUS_STORE MEM[4360] = 10 accepted 1
BUS_STORE MEM[4112] = 20 accepted 1
BUS_STORE MEM[4368] = 20 accepted 1
BUS_STORE MEM[4120] = 30 accepted 1
BUS_STORE MEM[4376] = 30 accepted 1
BUS_STORE MEM[4128] = 40 accepted 1
BUS_STORE MEM[4384] = 40 accepted 1
BUS_STORE MEM[4136] = 50 accepted 1
BUS_STORE MEM[4392] = 50 accepted 1
BUS_STORE MEM[4144] = 60 accepted 1
BUS_STORE MEM[4400] = 60 accepted 1
BUS_STORE MEM[4152] = 70 accepted 1
BUS_STORE MEM[4408] = 70 accepted 1
BUS_STORE MEM[4160] = 80 accepted 1
BUS_STORE MEM[4416] = 80 accepted 1
BUS_STORE MEM[4168] = 90 accepted 1
BUS_STORE MEM[4424] = 90 accepted 1
BUS_STORE MEM[4176] = 100 accepted 1
BUS_STORE MEM[4432] = 100 accepted 1
BUS_STORE MEM[4184] = 110 accepted 1
BUS_STORE MEM[4440] = 110 accepted 1
BUS_STORE MEM[4192] = 120 accepted 1
BUS_STORE MEM[4448] = 120 accepted 1
BUS_STORE MEM[4200] = 130 accepted 1
BUS_STORE MEM[4456] = 130 accepted 1
BUS_STORE MEM[4208] = 140 accepted 1
BUS_STORE MEM[4464] = 140 accepted 1
BUS_STORE MEM[4216] = 150 accepted 1
BUS_STORE MEM[4472] = 150 accepted 1
