4:lda
8:lda
12:mulq
16:stq
20:ldq
24:stq
28:addq
32:addq
36:cmple
40:bne
12:mulq
16:stq
20:ldq
24:stq
28:addq
32:addq
36:cmple
40:bne
12:mulq
16:stq
20:ldq
24:stq
28:addq
32:addq
36:cmple
40:bne
12:mulq
16:stq
20:ldq
24:stq
28:addq
32:addq
36:cmple
40:bne
12:mulq
16:stq
20:ldq
24:stq
28:addq
32:addq
36:cmple
40:bne
12:mulq
16:stq
20:ldq
24:stq
28:addq
32:addq
36:cmple
40:bne
12:mulq
16:stq
20:ldq
24:stq
28:addq
32:addq
36:cmple
40:bne
12:mulq
16:stq
20:ldq
24:stq
28:addq
32:addq
36:cmple
40:bne
12:mulq
16:stq
20:ldq
24:stq
28:addq
32:addq
36:cmple
40:bne
12:mulq
16:stq
20:ldq
24:stq
28:addq
32:addq
36:cmple
40:bne
12:mulq
16:stq
20:ldq
24:stq
28:addq
32:addq
36:cmple
40:bne
12:mulq
16:stq
20:ldq
24:stq
28:addq
32:addq
36:cmple
40:bne
12:mulq
16:stq
20:ldq
24:stq
28:addq
32:addq
36:cmple
40:bne
12:mulq
16:stq
20:ldq
24:stq
28:addq
32:addq
36:cmple
40:bne
12:mulq
16:stq
20:ldq
24:stq
28:addq
32:addq
36:cmple
40:bne
12:mulq
16:stq
20:ldq
24:stq
28:addq
32:addq
36:cmple
40:bne
44:halt
