4:lda
8:lda
12:blbs
16:stq
20:addq
24:addq
28:cmple
32:bne
12:blbs
24:addq
28:cmple
32:bne
12:blbs
16:stq
20:addq
24:addq
28:cmple
32:bne
12:blbs
24:addq
28:cmple
32:bne
12:blbs
16:stq
20:addq
24:addq
28:cmple
32:bne
12:blbs
24:addq
28:cmple
32:bne
12:blbs
16:stq
20:addq
24:addq
28:cmple
32:bne
12:blbs
24:addq
28:cmple
32:bne
12:blbs
16:stq
20:addq
24:addq
28:cmple
32:bne
12:blbs
24:addq
28:cmple
32:bne
12:blbs
16:stq
20:addq
24:addq
28:cmple
32:bne
12:blbs
24:addq
28:cmple
32:bne
12:blbs
16:stq
20:addq
24:addq
28:cmple
32:bne
12:blbs
24:addq
28:cmple
32:bne
12:blbs
16:stq
20:addq
24:addq
28:cmple
32:bne
12:blbs
24:addq
28:cmple
32:bne
36:halt
