4:lda
8:lda
12:lda
16:lda
20:lda
24:stq
28:stq
32:ldq
36:ldq
40:addq
44:addq
48:addq
52:addq
56:cmple
60:stq
64:addq
68:bne
32:ldq
36:ldq
40:addq
44:addq
48:addq
52:addq
56:cmple
60:stq
64:addq
68:bne
32:ldq
36:ldq
40:addq
44:addq
48:addq
52:addq
56:cmple
60:stq
64:addq
68:bne
32:ldq
36:ldq
40:addq
44:addq
48:addq
52:addq
56:cmple
60:stq
64:addq
68:bne
32:ldq
36:ldq
40:addq
44:addq
48:addq
52:addq
56:cmple
60:stq
64:addq
68:bne
32:ldq
36:ldq
40:addq
44:addq
48:addq
52:addq
56:cmple
60:stq
64:addq
68:bne
32:ldq
36:ldq
40:addq
44:addq
48:addq
52:addq
56:cmple
60:stq
64:addq
68:bne
32:ldq
36:ldq
40:addq
44:addq
48:addq
52:addq
56:cmple
60:stq
64:addq
68:bne
32:ldq
36:ldq
40:addq
44:addq
48:addq
52:addq
56:cmple
60:stq
64:addq
68:bne
32:ldq
36:ldq
40:addq
44:addq
48:addq
52:addq
56:cmple
60:stq
64:addq
68:bne
32:ldq
36:ldq
40:addq
44:addq
48:addq
52:addq
56:cmple
60:stq
64:addq
68:bne
32:ldq
36:ldq
40:addq
44:addq
48:addq
52:addq
56:cmple
60:stq
64:addq
68:bne
32:ldq
36:ldq
40:addq
44:addq
48:addq
52:addq
56:cmple
60:stq
64:addq
68:bne
32:ldq
36:ldq
40:addq
44:addq
48:addq
52:addq
56:cmple
60:stq
64:addq
68:bne
72:halt
