r5=1
r9=16
r3=1
r6=1
r19=16
r18=8
r14=3
r15=1
r11=0
r18=0
r19=8
r6=0
r9=24
r5=2
r10=1
r3=4
r6=2
r19=24
r18=16
r14=3
r15=4
r11=1
r9=32
r5=3
r10=1
r3=1
r6=3
r19=32
r18=24
r14=4
r15=1
r11=0
r18=16
r19=24
r6=2
r14=3
r15=4
r11=0
r18=8
r19=16
r6=1
r14=1
r15=3
r11=0
r18=0
r19=8
r6=0
r9=40
r5=4
r10=1
r3=5
r6=4
r19=40
r18=32
r14=4
r15=5
r11=1
r9=48
r5=5
r10=1
r3=9
r6=5
r19=48
r18=40
r14=5
r15=9
r11=1
r9=56
r5=6
r10=1
r3=2
r6=6
r19=56
r18=48
r14=9
r15=2
r11=0
r18=40
r19=48
r6=5
r14=5
r15=9
r11=0
r18=32
r19=40
r6=4
r14=4
r15=5
r11=0
r18=24
r19=32
r6=3
r14=3
r15=4
r11=0
r18=16
r19=24
r6=2
r14=1
r15=3
r11=1
r9=64
r5=7
r10=1
r3=6
r6=7
r19=64
r18=56
r14=9
r15=6
r11=0
r18=48
r19=56
r6=6
r14=5
r15=9
r11=1
r9=72
r5=8
r10=1
r3=5
r6=8
r19=72
r18=64
r14=9
r15=5
r11=0
r18=56
r19=64
r6=7
r14=6
r15=9
r11=0
r18=48
r19=56
r6=6
r14=5
r15=6
r11=0
r18=40
r19=48
r6=5
r14=4
r15=5
r11=1
r9=80
r5=9
r10=1
r3=3
r6=9
r19=80
r18=72
r14=9
r15=3
r11=0
r18=64
r19=72
r6=8
r14=6
r15=9
r11=0
r18=56
r19=64
r6=7
r14=5
r15=6
r11=0
r18=48
r19=56
r6=6
r14=5
r15=5
r11=0
r18=40
r19=48
r6=5
r14=4
r15=5
r11=0
r18=32
r19=40
r6=4
r14=3
r15=4
r11=0
r18=24
r19=32
r6=3
r14=2
r15=3
r11=1
r9=88
r5=10
r10=1
r3=5
r6=10
r19=88
r18=80
r14=9
r15=5
r11=0
r18=72
r19=80
r6=9
r14=6
r15=9
r11=0
r18=64
r19=72
r6=8
r14=5
r15=6
r11=0
r18=56
r19=64
r6=7
r14=5
r15=5
r11=0
r18=48
r19=56
r6=6
r14=4
r15=5
r11=1
r9=96
r5=11
r10=1
r3=8
r6=11
r19=96
r18=88
r14=9
r15=8
r11=0
r18=80
r19=88
r6=10
r14=6
r15=9
r11=1
r9=104
r5=12
r10=1
r3=9
r6=12
r19=104
r18=96
r14=9
r15=9
r11=0
r18=88
r19=96
r6=11
r14=8
r15=9
r11=1
r9=112
r5=13
r10=1
r3=7
r6=13
r19=112
r18=104
r14=9
r15=7
r11=0
r18=96
r19=104
r6=12
r14=9
r15=9
r11=0
r18=88
r19=96
r6=11
r14=8
r15=9
r11=0
r18=80
r19=88
r6=10
r14=6
r15=8
r11=1
r9=120
r5=14
r10=1
r3=9
r6=14
r19=120
r18=112
r14=9
r15=9
r11=0
r18=104
r19=112
r6=13
r14=9
r15=9
r11=0
r18=96
r19=104
r6=12
r14=8
r15=9
r11=1
r9=128
r5=15
r10=1
r3=3
r6=15
r19=128
r18=120
r14=9
r15=3
r11=0
r18=112
r19=120
r6=14
r14=9
r15=9
r11=0
r18=104
r19=112
r6=13
r14=9
r15=9
r11=0
r18=96
r19=104
r6=12
r14=8
r15=9
r11=0
r18=88
r19=96
r6=11
r14=7
r15=8
r11=0
r18=80
r19=88
r6=10
r14=6
r15=7
r11=0
r18=72
r19=80
r6=9
r14=5
r15=6
r11=0
r18=64
r19=72
r6=8
r14=5
r15=5
r11=0
r18=56
r19=64
r6=7
r14=5
r15=5
r11=0
r18=48
r19=56
r6=6
r14=4
r15=5
r11=0
r18=40
r19=48
r6=5
r14=3
r15=4
r11=0
r18=32
r19=40
r6=4
r14=3
r15=3
r11=0
r18=24
r19=32
r6=3
r14=2
r15=3
r11=1
r9=136
r5=16
r10=0
