4:br
140:lda
144:lda
148:ldq
152:bis
156:bis
160:subq
164:ldq
168:ldq
172:cmpult
176:bne
180:stq
184:subq
188:subq
192:subq
196:beq
204:stq
208:addq
212:addq
216:cmpult
220:bne
148:ldq
152:bis
156:bis
160:subq
164:ldq
168:ldq
172:cmpult
176:bne
204:stq
208:addq
212:addq
216:cmpult
220:bne
148:ldq
152:bis
156:bis
160:subq
164:ldq
168:ldq
172:cmpult
176:bne
180:stq
184:subq
188:subq
192:subq
196:beq
200:br
164:ldq
168:ldq
172:cmpult
176:bne
180:stq
184:subq
188:subq
192:subq
196:beq
200:br
164:ldq
168:ldq
172:cmpult
176:bne
180:stq
184:subq
188:subq
192:subq
196:beq
204:stq
208:addq
212:addq
216:cmpult
220:bne
148:ldq
152:bis
156:bis
160:subq
164:ldq
168:ldq
172:cmpult
176:bne
204:stq
208:addq
212:addq
216:cmpult
220:bne
148:ldq
152:bis
156:bis
160:subq
164:ldq
168:ldq
172:cmpult
176:bne
204:stq
208:addq
212:addq
216:cmpult
220:bne
148:ldq
152:bis
156:bis
160:subq
164:ldq
168:ldq
172:cmpult
176:bne
180:stq
184:subq
188:subq
192:subq
196:beq
200:br
164:ldq
168:ldq
172:cmpult
176:bne
180:stq
184:subq
188:subq
192:subq
196:beq
200:br
164:ldq
168:ldq
172:cmpult
176:bne
180:stq
184:subq
188:subq
192:subq
196:beq
200:br
164:ldq
168:ldq
172:cmpult
176:bne
180:stq
184:subq
188:subq
192:subq
196:beq
200:br
164:ldq
168:ldq
172:cmpult
176:bne
204:stq
208:addq
212:addq
216:cmpult
220:bne
148:ldq
152:bis
156:bis
160:subq
164:ldq
168:ldq
172:cmpult
176:bne
180:stq
184:subq
188:subq
192:subq
196:beq
200:br
164:ldq
168:ldq
172:cmpult
176:bne
204:stq
208:addq
212:addq
216:cmpult
220:bne
148:ldq
152:bis
156:bis
160:subq
164:ldq
168:ldq
172:cmpult
176:bne
180:stq
184:subq
188:subq
192:subq
196:beq
200:br
164:ldq
168:ldq
172:cmpult
176:bne
180:stq
184:subq
188:subq
192:subq
196:beq
200:br
164:ldq
168:ldq
172:cmpult
176:bne
180:stq
184:subq
188:subq
192:subq
196:beq
200:br
164:ldq
168:ldq
172:cmpult
176:bne
204:stq
208:addq
212:addq
216:cmpult
220:bne
148:ldq
152:bis
156:bis
160:subq
164:ldq
168:ldq
172:cmpult
176:bne
180:stq
184:subq
188:subq
192:subq
196:beq
200:br
164:ldq
168:ldq
172:cmpult
176:bne
180:stq
184:subq
188:subq
192:subq
196:beq
200:br
164:ldq
168:ldq
172:cmpult
176:bne
180:stq
184:subq
188:subq
192:subq
196:beq
200:br
164:ldq
168:ldq
172:cmpult
176:bne
180:stq
184:subq
188:subq
192:subq
196:beq
200:br
164:ldq
168:ldq
172:cmpult
176:bne
180:stq
184:subq
188:subq
192:subq
196:beq
200:br
164:ldq
168:ldq
172:cmpult
176:bne
180:stq
184:subq
188:subq
192:subq
196:beq
200:br
164:ldq
168:ldq
172:cmpult
176:bne
204:stq
208:addq
212:addq
216:cmpult
220:bne
148:ldq
152:bis
156:bis
160:subq
164:ldq
168:ldq
172:cmpult
176:bne
180:stq
184:subq
188:subq
192:subq
196:beq
200:br
164:ldq
168:ldq
172:cmpult
176:bne
180:stq
184:subq
188:subq
192:subq
196:beq
200:br
164:ldq
168:ldq
172:cmpult
176:bne
180:stq
184:subq
188:subq
192:subq
196:beq
200:br
164:ldq
168:ldq
172:cmpult
176:bne
180:stq
184:subq
188:subq
192:subq
196:beq
200:br
164:ldq
168:ldq
172:cmpult
176:bne
204:stq
208:addq
212:addq
216:cmpult
220:bne
148:ldq
152:bis
156:bis
160:subq
164:ldq
168:ldq
172:cmpult
176:bne
180:stq
184:subq
188:subq
192:subq
196:beq
200:br
164:ldq
168:ldq
172:cmpult
176:bne
204:stq
208:addq
212:addq
216:cmpult
220:bne
148:ldq
152:bis
156:bis
160:subq
164:ldq
168:ldq
172:cmpult
176:bne
180:stq
184:subq
188:subq
192:subq
196:beq
200:br
164:ldq
168:ldq
172:cmpult
176:bne
204:stq
208:addq
212:addq
216:cmpult
220:bne
148:ldq
152:bis
156:bis
160:subq
164:ldq
168:ldq
172:cmpult
176:bne
180:stq
184:subq
188:subq
192:subq
196:beq
200:br
164:ldq
168:ldq
172:cmpult
176:bne
180:stq
184:subq
188:subq
192:subq
196:beq
200:br
164:ldq
168:ldq
172:cmpult
176:bne
180:stq
184:subq
188:subq
192:subq
196:beq
200:br
164:ldq
168:ldq
172:cmpult
176:bne
204:stq
208:addq
212:addq
216:cmpult
220:bne
148:ldq
152:bis
156:bis
160:subq
164:ldq
168:ldq
172:cmpult
176:bne
180:stq
184:subq
188:subq
192:subq
196:beq
200:br
164:ldq
168:ldq
172:cmpult
176:bne
180:stq
184:subq
188:subq
192:subq
196:beq
200:br
164:ldq
168:ldq
172:cmpult
176:bne
204:stq
208:addq
212:addq
216:cmpult
220:bne
148:ldq
152:bis
156:bis
160:subq
164:ldq
168:ldq
172:cmpult
176:bne
180:stq
184:subq
188:subq
192:subq
196:beq
200:br
164:ldq
168:ldq
172:cmpult
176:bne
180:stq
184:subq
188:subq
192:subq
196:beq
200:br
164:ldq
168:ldq
172:cmpult
176:bne
180:stq
184:subq
188:subq
192:subq
196:beq
200:br
164:ldq
168:ldq
172:cmpult
176:bne
180:stq
184:subq
188:subq
192:subq
196:beq
200:br
164:ldq
168:ldq
172:cmpult
176:bne
180:stq
184:subq
188:subq
192:subq
196:beq
200:br
164:ldq
168:ldq
172:cmpult
176:bne
180:stq
184:subq
188:subq
192:subq
196:beq
200:br
164:ldq
168:ldq
172:cmpult
176:bne
180:stq
184:subq
188:subq
192:subq
196:beq
200:br
164:ldq
168:ldq
172:cmpult
176:bne
180:stq
184:subq
188:subq
192:subq
196:beq
200:br
164:ldq
168:ldq
172:cmpult
176:bne
180:stq
184:subq
188:subq
192:subq
196:beq
200:br
164:ldq
168:ldq
172:cmpult
176:bne
180:stq
184:subq
188:subq
192:subq
196:beq
200:br
164:ldq
168:ldq
172:cmpult
176:bne
180:stq
184:subq
188:subq
192:subq
196:beq
200:br
164:ldq
168:ldq
172:cmpult
176:bne
180:stq
184:subq
188:subq
192:subq
196:beq
200:br
164:ldq
168:ldq
172:cmpult
176:bne
204:stq
208:addq
212:addq
216:cmpult
220:bne
224:halt
