BUS_STORE MEM[4096] = 1037662004 accepted 1
BUS_STORE MEM[4104] = 1745639182 accepted 1
BUS_STORE MEM[4112] = -19694200 accepted 1
BUS_STORE MEM[4120] = -362493008 accepted 1
BUS_STORE MEM[4128] = 1003493736 accepted 1
BUS_STORE MEM[4136] = 460844961 accepted 1
BUS_STORE MEM[4144] = 370020301 accepted 1
BUS_STORE MEM[4152] = -1511760165 accepted 1
BUS_STORE MEM[4160] = -37524842 accepted 1
BUS_STORE MEM[4168] = -2119425882 accepted 1
BUS_STORE MEM[4176] = -1888923555 accepted 1
BUS_STORE MEM[4184] = -1885684322 accepted 1
BUS_STORE MEM[4192] = 1618563818 accepted 1
BUS_STORE MEM[4200] = 615680647 accepted 1
BUS_STORE MEM[4208] = -311710674 accepted 1
BUS_STORE MEM[4216] = 865292961 accepted 1
BUS_STORE MEM[4224] = 101245135 accepted 1
BUS_STORE MEM[4232] = -440613788 accepted 1
BUS_STORE MEM[4240] = -839510187 accepted 1
BUS_STORE MEM[4248] = -1459465182 accepted 1
BUS_STORE MEM[4256] = 2102110016 accepted 1
BUS_STORE MEM[4264] = -1807488414 accepted 1
BUS_STORE MEM[4272] = 1357409560 accepted 1
BUS_STORE MEM[4280] = 539458187 accepted 1
BUS_STORE MEM[4288] = 61737769 accepted 1
BUS_STORE MEM[4296] = 1983508191 accepted 1
BUS_STORE MEM[4304] = -605690088 accepted 1
BUS_STORE MEM[4312] = 621863652 accepted 1
BUS_STORE MEM[4320] = 334546627 accepted 1
BUS_STORE MEM[4328] = -700796116 accepted 1
BUS_STORE MEM[4336] = 1262550180 accepted 1
BUS_STORE MEM[4344] = 1855998308 accepted 1
BUS_STORE MEM[4352] = -553382587 accepted 1
BUS_STORE MEM[4360] = 616364174 accepted 1
BUS_STORE MEM[4368] = -1446234655 accepted 1
BUS_STORE MEM[4376] = 1875884953 accepted 1
BUS_STORE MEM[4384] = 793949161 accepted 1
BUS_STORE MEM[4392] = 1205177189 accepted 1
BUS_STORE MEM[4400] = -1296595639 accepted 1
BUS_STORE MEM[4408] = -688874178 accepted 1
BUS_STORE MEM[4416] = 776659821 accepted 1
BUS_STORE MEM[4424] = -260211186 accepted 1
BUS_STORE MEM[4432] = 1585231479 accepted 1
BUS_STORE MEM[4440] = 1395040596 accepted 1
BUS_STORE MEM[4448] = 1223036525 accepted 1
BUS_STORE MEM[4456] = 187086622 accepted 1
BUS_STORE MEM[4464] = -487151389 accepted 1
BUS_STORE MEM[4472] = 1936869737 accepted 1
BUS_STORE MEM[4480] = 1449107652 accepted 1
BUS_STORE MEM[4488] = -54324035 accepted 1
BUS_STORE MEM[4496] = 552034903 accepted 1
BUS_STORE MEM[4504] = 1828606358 accepted 1
BUS_STORE MEM[4512] = -519593283 accepted 1
BUS_STORE MEM[4520] = -1541798647 accepted 1
BUS_STORE MEM[4528] = 962401471 accepted 1
BUS_STORE MEM[4536] = -1858781202 accepted 1
BUS_STORE MEM[4544] = 1484446622 accepted 1
BUS_STORE MEM[4552] = -1543307569 accepted 1
BUS_STORE MEM[4560] = -1061562484 accepted 1
BUS_STORE MEM[4568] = -1920316462 accepted 1
BUS_STORE MEM[4576] = -852164135 accepted 1
BUS_STORE MEM[4584] = 1497630523 accepted 1
BUS_STORE MEM[4592] = 178779122 accepted 1
BUS_STORE MEM[4600] = 110365841 accepted 1
