r1=1
r2=10
r3=2
r4=8
r4=10
r6=8
r2=9
r3=4
r2=8
r3=16
r2=7
r3=256
r2=6
r3=65536
r2=5
r3=0x10
r2=4
r3=0
r2=3
r3=0
r2=2
r3=0
r2=1
r3=0
r2=0
r3=0
r9=1
