4:lda
8:lda
12:lda
16:lda
20:mulq
24:mulq
28:mulq
32:mulq
36:mulq
40:mulq
44:mulq
48:mulq
52:mulq
56:mulq
60:mulq
64:mulq
68:mulq
72:mulq
76:mulq
80:mulq
84:mulq
88:mulq
92:mulq
96:mulq
100:mulq
104:mulq
108:mulq
112:mulq
116:mulq
120:mulq
124:mulq
128:mulq
132:mulq
136:mulq
140:mulq
144:mulq
148:mulq
152:mulq
156:mulq
160:mulq
164:mulq
168:mulq
172:halt
