BUS_STORE MEM[1280] = 36 accepted 1
BUS_STORE MEM[1024] = 2 accepted 1
BUS_STORE MEM[1288] = 34 accepted 1
BUS_STORE MEM[1032] = 8 accepted 1
BUS_STORE MEM[1296] = 74 accepted 1
BUS_STORE MEM[1040] = 1 accepted 1
BUS_STORE MEM[1304] = 63 accepted 1
BUS_STORE MEM[1048] = 17 accepted 1
BUS_STORE MEM[1312] = 48 accepted 1
BUS_STORE MEM[1056] = 6 accepted 1
BUS_STORE MEM[1320] = 59 accepted 1
BUS_STORE MEM[1064] = 7 accepted 1
BUS_STORE MEM[1328] = 5 accepted 1
BUS_STORE MEM[1072] = 23 accepted 1
BUS_STORE MEM[1336] = 83 accepted 1
BUS_STORE MEM[1080] = 25 accepted 1
BUS_STORE MEM[1344] = 88 accepted 1
BUS_STORE MEM[1088] = 26 accepted 1
BUS_STORE MEM[1352] = 91 accepted 1
BUS_STORE MEM[1096] = 6 accepted 1
BUS_STORE MEM[1360] = 143 accepted 1
BUS_STORE MEM[1104] = 29 accepted 1
BUS_STORE MEM[1368] = 126 accepted 1
BUS_STORE MEM[1112] = 23 accepted 1
BUS_STORE MEM[1376] = 175 accepted 1
BUS_STORE MEM[1120] = 30 accepted 1
BUS_STORE MEM[1384] = 153 accepted 1
BUS_STORE MEM[1128] = 3 accepted 1
BUS_STORE MEM[1392] = 0 accepted 1
BUS_STORE MEM[1136] = 3 accepted 1
BUS_STORE MEM[1400] = 137 accepted 1
BUS_STORE MEM[1144] = 10 accepted 1
BUS_STORE MEM[1408] = 159 accepted 1
BUS_STORE MEM[1152] = 11 accepted 1
BUS_STORE MEM[1416] = 137 accepted 1
BUS_STORE MEM[1160] = 36 accepted 1
BUS_STORE MEM[1424] = 9 accepted 1
BUS_STORE MEM[1168] = 39 accepted 1
BUS_STORE MEM[1432] = 17 accepted 1
BUS_STORE MEM[1176] = 40 accepted 1
BUS_STORE MEM[1440] = 30 accepted 1
BUS_STORE MEM[1184] = 34 accepted 1
BUS_STORE MEM[1448] = 20 accepted 1
BUS_STORE MEM[1192] = 36 accepted 1
BUS_STORE MEM[1456] = 19 accepted 1
BUS_STORE MEM[1200] = 63 accepted 1
BUS_STORE MEM[1464] = 44 accepted 1
BUS_STORE MEM[1208] = 5 accepted 1
BUS_STORE MEM[1472] = 12 accepted 1
BUS_STORE MEM[1216] = 96 accepted 1
BUS_STORE MEM[1480] = 78 accepted 1
BUS_STORE MEM[1224] = 0 accepted 1
BUS_STORE MEM[1488] = 148 accepted 1
BUS_STORE MEM[1232] = 34 accepted 1
BUS_STORE MEM[1496] = 202 accepted 1
BUS_STORE MEM[1240] = 58 accepted 1
BUS_STORE MEM[1504] = 163 accepted 1
BUS_STORE MEM[1248] = 86 accepted 1
BUS_STORE MEM[1512] = 149 accepted 1
BUS_STORE MEM[1256] = 99 accepted 1
BUS_STORE MEM[1520] = 145 accepted 1
BUS_STORE MEM[1264] = 65 accepted 1
BUS_STORE MEM[1528] = 284 accepted 2
BUS_STORE MEM[1272] = 187 accepted 1
BUS_STORE MEM[1280] = 34 accepted 1
BUS_STORE MEM[1024] = 2 accepted 1
BUS_STORE MEM[1288] = 36 accepted 1
BUS_STORE MEM[1032] = 1 accepted 1
BUS_STORE MEM[1296] = 63 accepted 1
BUS_STORE MEM[1040] = 8 accepted 1
BUS_STORE MEM[1304] = 48 accepted 1
BUS_STORE MEM[1048] = 6 accepted 1
BUS_STORE MEM[1312] = 59 accepted 1
BUS_STORE MEM[1056] = 7 accepted 1
BUS_STORE MEM[1320] = 5 accepted 1
BUS_STORE MEM[1064] = 17 accepted 1
BUS_STORE MEM[1328] = 74 accepted 1
BUS_STORE MEM[1072] = 23 accepted 1
BUS_STORE MEM[1336] = 83 accepted 1
BUS_STORE MEM[1080] = 25 accepted 1
BUS_STORE MEM[1344] = 88 accepted 1
BUS_STORE MEM[1088] = 6 accepted 1
BUS_STORE MEM[1352] = 91 accepted 1
BUS_STORE MEM[1096] = 26 accepted 1
BUS_STORE MEM[1360] = 126 accepted 1
BUS_STORE MEM[1104] = 23 accepted 1
BUS_STORE MEM[1368] = 143 accepted 1
BUS_STORE MEM[1112] = 29 accepted 1
BUS_STORE MEM[1376] = 153 accepted 1
BUS_STORE MEM[1120] = 3 accepted 1
BUS_STORE MEM[1384] = 0 accepted 1
BUS_STORE MEM[1128] = 3 accepted 1
BUS_STORE MEM[1392] = 137 accepted 1
BUS_STORE MEM[1136] = 10 accepted 1
BUS_STORE MEM[1400] = 159 accepted 1
BUS_STORE MEM[1144] = 11 accepted 1
BUS_STORE MEM[1408] = 137 accepted 1
BUS_STORE MEM[1152] = 30 accepted 1
BUS_STORE MEM[1416] = 9 accepted 1
BUS_STORE MEM[1160] = 36 accepted 1
BUS_STORE MEM[1424] = 17 accepted 1
BUS_STORE MEM[1168] = 39 accepted 1
BUS_STORE MEM[1432] = 30 accepted 1
BUS_STORE MEM[1176] = 34 accepted 1
BUS_STORE MEM[1440] = 20 accepted 1
BUS_STORE MEM[1184] = 36 accepted 1
BUS_STORE MEM[1448] = 19 accepted 1
BUS_STORE MEM[1192] = 40 accepted 1
BUS_STORE MEM[1456] = 44 accepted 1
BUS_STORE MEM[1200] = 5 accepted 1
BUS_STORE MEM[1464] = 12 accepted 1
BUS_STORE MEM[1208] = 63 accepted 1
BUS_STORE MEM[1472] = 78 accepted 1
BUS_STORE MEM[1216] = 0 accepted 1
BUS_STORE MEM[1480] = 148 accepted 1
BUS_STORE MEM[1224] = 34 accepted 1
BUS_STORE MEM[1488] = 175 accepted 1
BUS_STORE MEM[1232] = 58 accepted 1
BUS_STORE MEM[1496] = 163 accepted 1
BUS_STORE MEM[1240] = 86 accepted 1
BUS_STORE MEM[1504] = 149 accepted 1
BUS_STORE MEM[1248] = 96 accepted 1
BUS_STORE MEM[1512] = 145 accepted 1
BUS_STORE MEM[1256] = 65 accepted 1
BUS_STORE MEM[1520] = 202 accepted 1
BUS_STORE MEM[1264] = 99 accepted 1
BUS_STORE MEM[1280] = 34 accepted 1
BUS_STORE MEM[1024] = 1 accepted 1
BUS_STORE MEM[1288] = 36 accepted 1
BUS_STORE MEM[1032] = 2 accepted 1
BUS_STORE MEM[1296] = 48 accepted 1
BUS_STORE MEM[1040] = 6 accepted 1
BUS_STORE MEM[1304] = 59 accepted 1
BUS_STORE MEM[1048] = 7 accepted 1
BUS_STORE MEM[1312] = 5 accepted 1
BUS_STORE MEM[1056] = 8 accepted 1
BUS_STORE MEM[1320] = 63 accepted 1
BUS_STORE MEM[1064] = 17 accepted 1
BUS_STORE MEM[1328] = 74 accepted 1
BUS_STORE MEM[1072] = 23 accepted 1
BUS_STORE MEM[1336] = 83 accepted 1
BUS_STORE MEM[1080] = 6 accepted 1
BUS_STORE MEM[1344] = 88 accepted 1
BUS_STORE MEM[1088] = 25 accepted 1
BUS_STORE MEM[1352] = 91 accepted 1
BUS_STORE MEM[1096] = 23 accepted 1
BUS_STORE MEM[1360] = 126 accepted 1
BUS_STORE MEM[1104] = 26 accepted 1
BUS_STORE MEM[1368] = 143 accepted 1
BUS_STORE MEM[1112] = 3 accepted 1
BUS_STORE MEM[1376] = 0 accepted 1
BUS_STORE MEM[1120] = 3 accepted 1
BUS_STORE MEM[1384] = 137 accepted 1
BUS_STORE MEM[1128] = 10 accepted 1
BUS_STORE MEM[1392] = 153 accepted 1
BUS_STORE MEM[1136] = 11 accepted 1
BUS_STORE MEM[1400] = 137 accepted 1
BUS_STORE MEM[1144] = 29 accepted 1
BUS_STORE MEM[1408] = 9 accepted 1
BUS_STORE MEM[1152] = 30 accepted 1
BUS_STORE MEM[1416] = 17 accepted 1
BUS_STORE MEM[1160] = 36 accepted 1
BUS_STORE MEM[1424] = 30 accepted 1
BUS_STORE MEM[1168] = 34 accepted 1
BUS_STORE MEM[1432] = 20 accepted 1
BUS_STORE MEM[1176] = 36 accepted 1
BUS_STORE MEM[1440] = 19 accepted 1
BUS_STORE MEM[1184] = 39 accepted 1
BUS_STORE MEM[1448] = 44 accepted 1
BUS_STORE MEM[1192] = 5 accepted 1
BUS_STORE MEM[1456] = 12 accepted 1
BUS_STORE MEM[1200] = 40 accepted 1
BUS_STORE MEM[1464] = 78 accepted 1
BUS_STORE MEM[1208] = 0 accepted 1
BUS_STORE MEM[1472] = 148 accepted 1
BUS_STORE MEM[1216] = 34 accepted 1
BUS_STORE MEM[1480] = 159 accepted 1
BUS_STORE MEM[1224] = 58 accepted 1
BUS_STORE MEM[1488] = 163 accepted 1
BUS_STORE MEM[1232] = 63 accepted 1
BUS_STORE MEM[1496] = 149 accepted 1
BUS_STORE MEM[1240] = 86 accepted 1
BUS_STORE MEM[1504] = 145 accepted 1
BUS_STORE MEM[1248] = 65 accepted 1
BUS_STORE MEM[1512] = 175 accepted 1
BUS_STORE MEM[1256] = 96 accepted 1
BUS_STORE MEM[1280] = 34 accepted 1
BUS_STORE MEM[1024] = 1 accepted 1
BUS_STORE MEM[1288] = 36 accepted 1
BUS_STORE MEM[1032] = 2 accepted 1
BUS_STORE MEM[1296] = 48 accepted 1
BUS_STORE MEM[1040] = 6 accepted 1
BUS_STORE MEM[1304] = 5 accepted 1
BUS_STORE MEM[1048] = 7 accepted 1
BUS_STORE MEM[1312] = 59 accepted 1
BUS_STORE MEM[1056] = 8 accepted 1
BUS_STORE MEM[1320] = 63 accepted 1
BUS_STORE MEM[1064] = 17 accepted 1
BUS_STORE MEM[1328] = 74 accepted 1
BUS_STORE MEM[1072] = 6 accepted 1
BUS_STORE MEM[1336] = 83 accepted 1
BUS_STORE MEM[1080] = 23 accepted 1
BUS_STORE MEM[1344] = 88 accepted 1
BUS_STORE MEM[1088] = 23 accepted 1
BUS_STORE MEM[1352] = 91 accepted 1
BUS_STORE MEM[1096] = 25 accepted 1
BUS_STORE MEM[1360] = 126 accepted 1
BUS_STORE MEM[1104] = 3 accepted 1
BUS_STORE MEM[1368] = 0 accepted 1
BUS_STORE MEM[1112] = 3 accepted 1
BUS_STORE MEM[1376] = 137 accepted 1
BUS_STORE MEM[1120] = 10 accepted 1
BUS_STORE MEM[1384] = 143 accepted 1
BUS_STORE MEM[1128] = 11 accepted 1
BUS_STORE MEM[1392] = 137 accepted 1
BUS_STORE MEM[1136] = 26 accepted 1
BUS_STORE MEM[1400] = 9 accepted 1
BUS_STORE MEM[1144] = 29 accepted 1
BUS_STORE MEM[1408] = 17 accepted 1
BUS_STORE MEM[1152] = 30 accepted 1
BUS_STORE MEM[1416] = 30 accepted 1
BUS_STORE MEM[1160] = 34 accepted 1
BUS_STORE MEM[1424] = 20 accepted 1
BUS_STORE MEM[1168] = 36 accepted 1
BUS_STORE MEM[1432] = 19 accepted 1
BUS_STORE MEM[1176] = 36 accepted 1
BUS_STORE MEM[1440] = 44 accepted 1
BUS_STORE MEM[1184] = 5 accepted 1
BUS_STORE MEM[1448] = 12 accepted 1
BUS_STORE MEM[1192] = 39 accepted 1
BUS_STORE MEM[1456] = 78 accepted 1
BUS_STORE MEM[1200] = 0 accepted 1
BUS_STORE MEM[1464] = 148 accepted 1
BUS_STORE MEM[1208] = 34 accepted 1
BUS_STORE MEM[1472] = 153 accepted 1
BUS_STORE MEM[1216] = 40 accepted 1
BUS_STORE MEM[1480] = 159 accepted 1
BUS_STORE MEM[1224] = 58 accepted 1
BUS_STORE MEM[1488] = 149 accepted 1
BUS_STORE MEM[1232] = 63 accepted 1
BUS_STORE MEM[1496] = 145 accepted 1
BUS_STORE MEM[1240] = 65 accepted 1
BUS_STORE MEM[1504] = 163 accepted 1
BUS_STORE MEM[1248] = 86 accepted 1
BUS_STORE MEM[1280] = 34 accepted 1
BUS_STORE MEM[1024] = 1 accepted 1
BUS_STORE MEM[1288] = 36 accepted 1
BUS_STORE MEM[1032] = 2 accepted 1
BUS_STORE MEM[1296] = 5 accepted 1
BUS_STORE MEM[1040] = 6 accepted 1
BUS_STORE MEM[1304] = 48 accepted 1
BUS_STORE MEM[1048] = 7 accepted 1
BUS_STORE MEM[1312] = 59 accepted 1
BUS_STORE MEM[1056] = 8 accepted 1
BUS_STORE MEM[1320] = 63 accepted 1
BUS_STORE MEM[1064] = 6 accepted 1
BUS_STORE MEM[1328] = 74 accepted 1
BUS_STORE MEM[1072] = 17 accepted 1
BUS_STORE MEM[1336] = 83 accepted 1
BUS_STORE MEM[1080] = 23 accepted 1
BUS_STORE MEM[1344] = 88 accepted 1
BUS_STORE MEM[1088] = 23 accepted 1
BUS_STORE MEM[1352] = 91 accepted 1
BUS_STORE MEM[1096] = 3 accepted 1
BUS_STORE MEM[1360] = 0 accepted 1
BUS_STORE MEM[1104] = 3 accepted 1
BUS_STORE MEM[1368] = 126 accepted 1
BUS_STORE MEM[1112] = 10 accepted 1
BUS_STORE MEM[1376] = 137 accepted 1
BUS_STORE MEM[1120] = 11 accepted 1
BUS_STORE MEM[1384] = 137 accepted 1
BUS_STORE MEM[1128] = 25 accepted 1
BUS_STORE MEM[1392] = 9 accepted 1
BUS_STORE MEM[1136] = 26 accepted 1
BUS_STORE MEM[1400] = 17 accepted 1
BUS_STORE MEM[1144] = 29 accepted 1
BUS_STORE MEM[1408] = 30 accepted 1
BUS_STORE MEM[1152] = 30 accepted 1
BUS_STORE MEM[1416] = 20 accepted 1
BUS_STORE MEM[1160] = 34 accepted 1
BUS_STORE MEM[1424] = 19 accepted 1
BUS_STORE MEM[1168] = 36 accepted 1
BUS_STORE MEM[1432] = 44 accepted 1
BUS_STORE MEM[1176] = 5 accepted 1
BUS_STORE MEM[1440] = 12 accepted 1
BUS_STORE MEM[1184] = 36 accepted 1
BUS_STORE MEM[1448] = 78 accepted 1
BUS_STORE MEM[1192] = 0 accepted 1
BUS_STORE MEM[1456] = 143 accepted 1
BUS_STORE MEM[1200] = 34 accepted 1
BUS_STORE MEM[1464] = 148 accepted 1
BUS_STORE MEM[1208] = 39 accepted 1
BUS_STORE MEM[1472] = 153 accepted 1
BUS_STORE MEM[1216] = 40 accepted 1
BUS_STORE MEM[1480] = 149 accepted 1
BUS_STORE MEM[1224] = 58 accepted 1
BUS_STORE MEM[1488] = 145 accepted 1
BUS_STORE MEM[1232] = 63 accepted 1
BUS_STORE MEM[1496] = 159 accepted 1
BUS_STORE MEM[1240] = 65 accepted 1
BUS_STORE MEM[1280] = 34 accepted 1
BUS_STORE MEM[1024] = 1 accepted 1
BUS_STORE MEM[1288] = 5 accepted 1
BUS_STORE MEM[1032] = 2 accepted 1
BUS_STORE MEM[1296] = 36 accepted 1
BUS_STORE MEM[1040] = 6 accepted 1
BUS_STORE MEM[1304] = 48 accepted 1
BUS_STORE MEM[1048] = 7 accepted 1
BUS_STORE MEM[1312] = 59 accepted 1
BUS_STORE MEM[1056] = 6 accepted 1
BUS_STORE MEM[1320] = 63 accepted 1
BUS_STORE MEM[1064] = 8 accepted 1
BUS_STORE MEM[1328] = 74 accepted 1
BUS_STORE MEM[1072] = 17 accepted 1
BUS_STORE MEM[1336] = 83 accepted 1
BUS_STORE MEM[1080] = 23 accepted 1
BUS_STORE MEM[1344] = 88 accepted 1
BUS_STORE MEM[1088] = 3 accepted 1
BUS_STORE MEM[1352] = 0 accepted 1
BUS_STORE MEM[1096] = 3 accepted 1
BUS_STORE MEM[1360] = 91 accepted 1
BUS_STORE MEM[1104] = 10 accepted 1
BUS_STORE MEM[1368] = 126 accepted 1
BUS_STORE MEM[1112] = 11 accepted 1
BUS_STORE MEM[1376] = 137 accepted 1
BUS_STORE MEM[1120] = 23 accepted 1
BUS_STORE MEM[1384] = 9 accepted 1
BUS_STORE MEM[1128] = 25 accepted 1
BUS_STORE MEM[1392] = 17 accepted 1
BUS_STORE MEM[1136] = 26 accepted 1
BUS_STORE MEM[1400] = 30 accepted 1
BUS_STORE MEM[1144] = 29 accepted 1
BUS_STORE MEM[1408] = 20 accepted 1
BUS_STORE MEM[1152] = 30 accepted 1
BUS_STORE MEM[1416] = 19 accepted 1
BUS_STORE MEM[1160] = 34 accepted 1
BUS_STORE MEM[1424] = 44 accepted 1
BUS_STORE MEM[1168] = 5 accepted 1
BUS_STORE MEM[1432] = 12 accepted 1
BUS_STORE MEM[1176] = 36 accepted 1
BUS_STORE MEM[1440] = 78 accepted 1
BUS_STORE MEM[1184] = 0 accepted 1
BUS_STORE MEM[1448] = 137 accepted 1
BUS_STORE MEM[1192] = 34 accepted 1
BUS_STORE MEM[1456] = 143 accepted 1
BUS_STORE MEM[1200] = 36 accepted 1
BUS_STORE MEM[1464] = 148 accepted 1
BUS_STORE MEM[1208] = 39 accepted 1
BUS_STORE MEM[1472] = 149 accepted 1
BUS_STORE MEM[1216] = 40 accepted 1
BUS_STORE MEM[1480] = 145 accepted 1
BUS_STORE MEM[1224] = 58 accepted 1
BUS_STORE MEM[1488] = 153 accepted 1
BUS_STORE MEM[1232] = 63 accepted 1
BUS_STORE MEM[1280] = 5 accepted 1
BUS_STORE MEM[1024] = 1 accepted 1
BUS_STORE MEM[1288] = 34 accepted 1
BUS_STORE MEM[1032] = 2 accepted 1
BUS_STORE MEM[1296] = 36 accepted 1
BUS_STORE MEM[1040] = 6 accepted 1
BUS_STORE MEM[1304] = 48 accepted 1
BUS_STORE MEM[1048] = 6 accepted 1
BUS_STORE MEM[1312] = 59 accepted 1
BUS_STORE MEM[1056] = 7 accepted 1
BUS_STORE MEM[1320] = 63 accepted 1
BUS_STORE MEM[1064] = 8 accepted 1
BUS_STORE MEM[1328] = 74 accepted 1
BUS_STORE MEM[1072] = 17 accepted 1
BUS_STORE MEM[1336] = 83 accepted 1
BUS_STORE MEM[1080] = 3 accepted 1
BUS_STORE MEM[1344] = 0 accepted 1
BUS_STORE MEM[1088] = 3 accepted 1
BUS_STORE MEM[1352] = 88 accepted 1
BUS_STORE MEM[1096] = 10 accepted 1
BUS_STORE MEM[1360] = 91 accepted 1
BUS_STORE MEM[1104] = 11 accepted 1
BUS_STORE MEM[1368] = 126 accepted 1
BUS_STORE MEM[1112] = 23 accepted 1
BUS_STORE MEM[1376] = 9 accepted 1
BUS_STORE MEM[1120] = 23 accepted 1
BUS_STORE MEM[1384] = 17 accepted 1
BUS_STORE MEM[1128] = 25 accepted 1
BUS_STORE MEM[1392] = 30 accepted 1
BUS_STORE MEM[1136] = 26 accepted 1
BUS_STORE MEM[1400] = 20 accepted 1
BUS_STORE MEM[1144] = 29 accepted 1
BUS_STORE MEM[1408] = 19 accepted 1
BUS_STORE MEM[1152] = 30 accepted 1
BUS_STORE MEM[1416] = 44 accepted 1
BUS_STORE MEM[1160] = 5 accepted 1
BUS_STORE MEM[1424] = 12 accepted 1
BUS_STORE MEM[1168] = 34 accepted 1
BUS_STORE MEM[1432] = 78 accepted 1
BUS_STORE MEM[1176] = 0 accepted 1
BUS_STORE MEM[1440] = 137 accepted 1
BUS_STORE MEM[1184] = 34 accepted 1
BUS_STORE MEM[1448] = 137 accepted 1
BUS_STORE MEM[1192] = 36 accepted 1
BUS_STORE MEM[1456] = 143 accepted 1
BUS_STORE MEM[1200] = 36 accepted 1
BUS_STORE MEM[1464] = 148 accepted 1
BUS_STORE MEM[1208] = 39 accepted 1
BUS_STORE MEM[1472] = 145 accepted 1
BUS_STORE MEM[1216] = 40 accepted 1
BUS_STORE MEM[1480] = 149 accepted 1
BUS_STORE MEM[1224] = 58 accepted 1
BUS_STORE MEM[1280] = 5 accepted 1
BUS_STORE MEM[1024] = 1 accepted 1
BUS_STORE MEM[1288] = 34 accepted 1
BUS_STORE MEM[1032] = 2 accepted 1
BUS_STORE MEM[1296] = 36 accepted 1
BUS_STORE MEM[1040] = 6 accepted 1
BUS_STORE MEM[1304] = 48 accepted 1
BUS_STORE MEM[1048] = 6 accepted 1
BUS_STORE MEM[1312] = 59 accepted 1
BUS_STORE MEM[1056] = 7 accepted 1
BUS_STORE MEM[1320] = 63 accepted 1
BUS_STORE MEM[1064] = 8 accepted 1
BUS_STORE MEM[1328] = 74 accepted 1
BUS_STORE MEM[1072] = 3 accepted 1
BUS_STORE MEM[1336] = 0 accepted 1
BUS_STORE MEM[1080] = 3 accepted 1
BUS_STORE MEM[1344] = 83 accepted 1
BUS_STORE MEM[1088] = 10 accepted 1
BUS_STORE MEM[1352] = 88 accepted 1
BUS_STORE MEM[1096] = 11 accepted 1
BUS_STORE MEM[1360] = 91 accepted 1
BUS_STORE MEM[1104] = 17 accepted 1
BUS_STORE MEM[1368] = 9 accepted 1
BUS_STORE MEM[1112] = 23 accepted 1
BUS_STORE MEM[1376] = 17 accepted 1
BUS_STORE MEM[1120] = 23 accepted 1
BUS_STORE MEM[1384] = 30 accepted 1
BUS_STORE MEM[1128] = 25 accepted 1
BUS_STORE MEM[1392] = 20 accepted 1
BUS_STORE MEM[1136] = 26 accepted 1
BUS_STORE MEM[1400] = 19 accepted 1
BUS_STORE MEM[1144] = 29 accepted 1
BUS_STORE MEM[1408] = 44 accepted 1
BUS_STORE MEM[1152] = 5 accepted 1
BUS_STORE MEM[1416] = 12 accepted 1
BUS_STORE MEM[1160] = 30 accepted 1
BUS_STORE MEM[1424] = 78 accepted 1
BUS_STORE MEM[1168] = 0 accepted 1
BUS_STORE MEM[1432] = 126 accepted 1
BUS_STORE MEM[1176] = 34 accepted 1
BUS_STORE MEM[1440] = 137 accepted 1
BUS_STORE MEM[1184] = 34 accepted 1
BUS_STORE MEM[1448] = 137 accepted 1
BUS_STORE MEM[1192] = 36 accepted 1
BUS_STORE MEM[1456] = 143 accepted 1
BUS_STORE MEM[1200] = 36 accepted 1
BUS_STORE MEM[1464] = 145 accepted 1
BUS_STORE MEM[1208] = 39 accepted 1
BUS_STORE MEM[1472] = 148 accepted 1
BUS_STORE MEM[1216] = 40 accepted 1
BUS_STORE MEM[1280] = 5 accepted 1
BUS_STORE MEM[1024] = 1 accepted 1
BUS_STORE MEM[1288] = 34 accepted 1
BUS_STORE MEM[1032] = 2 accepted 1
BUS_STORE MEM[1296] = 36 accepted 1
BUS_STORE MEM[1040] = 6 accepted 1
BUS_STORE MEM[1304] = 48 accepted 1
BUS_STORE MEM[1048] = 6 accepted 1
BUS_STORE MEM[1312] = 59 accepted 1
BUS_STORE MEM[1056] = 7 accepted 1
BUS_STORE MEM[1320] = 63 accepted 1
BUS_STORE MEM[1064] = 3 accepted 1
BUS_STORE MEM[1328] = 0 accepted 1
BUS_STORE MEM[1072] = 3 accepted 1
BUS_STORE MEM[1336] = 74 accepted 1
BUS_STORE MEM[1080] = 8 accepted 1
BUS_STORE MEM[1344] = 83 accepted 1
BUS_STORE MEM[1088] = 10 accepted 1
BUS_STORE MEM[1352] = 88 accepted 1
BUS_STORE MEM[1096] = 11 accepted 1
BUS_STORE MEM[1360] = 9 accepted 1
BUS_STORE MEM[1104] = 17 accepted 1
BUS_STORE MEM[1368] = 17 accepted 1
BUS_STORE MEM[1112] = 23 accepted 1
BUS_STORE MEM[1376] = 30 accepted 1
BUS_STORE MEM[1120] = 23 accepted 1
BUS_STORE MEM[1384] = 20 accepted 1
BUS_STORE MEM[1128] = 25 accepted 1
BUS_STORE MEM[1392] = 19 accepted 1
BUS_STORE MEM[1136] = 26 accepted 1
BUS_STORE MEM[1400] = 44 accepted 1
BUS_STORE MEM[1144] = 5 accepted 1
BUS_STORE MEM[1408] = 12 accepted 1
BUS_STORE MEM[1152] = 29 accepted 1
BUS_STORE MEM[1416] = 78 accepted 1
BUS_STORE MEM[1160] = 0 accepted 1
BUS_STORE MEM[1424] = 91 accepted 1
BUS_STORE MEM[1168] = 30 accepted 1
BUS_STORE MEM[1432] = 126 accepted 1
BUS_STORE MEM[1176] = 34 accepted 1
BUS_STORE MEM[1440] = 137 accepted 1
BUS_STORE MEM[1184] = 34 accepted 1
BUS_STORE MEM[1448] = 137 accepted 1
BUS_STORE MEM[1192] = 36 accepted 1
BUS_STORE MEM[1456] = 143 accepted 1
BUS_STORE MEM[1200] = 36 accepted 1
BUS_STORE MEM[1464] = 145 accepted 1
BUS_STORE MEM[1208] = 39 accepted 1
BUS_STORE MEM[1280] = 5 accepted 1
BUS_STORE MEM[1024] = 1 accepted 1
BUS_STORE MEM[1288] = 34 accepted 1
BUS_STORE MEM[1032] = 2 accepted 1
BUS_STORE MEM[1296] = 36 accepted 1
BUS_STORE MEM[1040] = 6 accepted 1
BUS_STORE MEM[1304] = 48 accepted 1
BUS_STORE MEM[1048] = 6 accepted 1
BUS_STORE MEM[1312] = 59 accepted 1
BUS_STORE MEM[1056] = 3 accepted 1
BUS_STORE MEM[1320] = 0 accepted 1
BUS_STORE MEM[1064] = 3 accepted 1
BUS_STORE MEM[1328] = 63 accepted 1
BUS_STORE MEM[1072] = 7 accepted 1
BUS_STORE MEM[1336] = 74 accepted 1
BUS_STORE MEM[1080] = 8 accepted 1
BUS_STORE MEM[1344] = 83 accepted 1
BUS_STORE MEM[1088] = 10 accepted 1
BUS_STORE MEM[1352] = 9 accepted 1
BUS_STORE MEM[1096] = 11 accepted 1
BUS_STORE MEM[1360] = 17 accepted 1
BUS_STORE MEM[1104] = 17 accepted 1
BUS_STORE MEM[1368] = 30 accepted 1
BUS_STORE MEM[1112] = 23 accepted 1
BUS_STORE MEM[1376] = 20 accepted 1
BUS_STORE MEM[1120] = 23 accepted 1
BUS_STORE MEM[1384] = 19 accepted 1
BUS_STORE MEM[1128] = 25 accepted 1
BUS_STORE MEM[1392] = 44 accepted 1
BUS_STORE MEM[1136] = 5 accepted 1
BUS_STORE MEM[1400] = 12 accepted 1
BUS_STORE MEM[1144] = 26 accepted 1
BUS_STORE MEM[1408] = 78 accepted 1
BUS_STORE MEM[1152] = 0 accepted 1
BUS_STORE MEM[1416] = 88 accepted 1
BUS_STORE MEM[1160] = 29 accepted 1
BUS_STORE MEM[1424] = 91 accepted 1
BUS_STORE MEM[1168] = 30 accepted 1
BUS_STORE MEM[1432] = 126 accepted 1
BUS_STORE MEM[1176] = 34 accepted 1
BUS_STORE MEM[1440] = 137 accepted 1
BUS_STORE MEM[1184] = 34 accepted 1
BUS_STORE MEM[1448] = 137 accepted 1
BUS_STORE MEM[1192] = 36 accepted 1
BUS_STORE MEM[1456] = 143 accepted 1
BUS_STORE MEM[1200] = 36 accepted 1
BUS_STORE MEM[1280] = 5 accepted 1
BUS_STORE MEM[1024] = 1 accepted 1
BUS_STORE MEM[1288] = 34 accepted 1
BUS_STORE MEM[1032] = 2 accepted 1
BUS_STORE MEM[1296] = 36 accepted 1
BUS_STORE MEM[1040] = 6 accepted 1
BUS_STORE MEM[1304] = 48 accepted 1
BUS_STORE MEM[1048] = 3 accepted 1
BUS_STORE MEM[1312] = 0 accepted 1
BUS_STORE MEM[1056] = 3 accepted 1
BUS_STORE MEM[1320] = 59 accepted 1
BUS_STORE MEM[1064] = 6 accepted 1
BUS_STORE MEM[1328] = 63 accepted 1
BUS_STORE MEM[1072] = 7 accepted 1
BUS_STORE MEM[1336] = 74 accepted 1
BUS_STORE MEM[1080] = 8 accepted 1
BUS_STORE MEM[1344] = 9 accepted 1
BUS_STORE MEM[1088] = 10 accepted 1
BUS_STORE MEM[1352] = 17 accepted 1
BUS_STORE MEM[1096] = 11 accepted 1
BUS_STORE MEM[1360] = 30 accepted 1
BUS_STORE MEM[1104] = 17 accepted 1
BUS_STORE MEM[1368] = 20 accepted 1
BUS_STORE MEM[1112] = 23 accepted 1
BUS_STORE MEM[1376] = 19 accepted 1
BUS_STORE MEM[1120] = 23 accepted 1
BUS_STORE MEM[1384] = 44 accepted 1
BUS_STORE MEM[1128] = 5 accepted 1
BUS_STORE MEM[1392] = 12 accepted 1
BUS_STORE MEM[1136] = 25 accepted 1
BUS_STORE MEM[1400] = 78 accepted 1
BUS_STORE MEM[1144] = 0 accepted 1
BUS_STORE MEM[1408] = 83 accepted 1
BUS_STORE MEM[1152] = 26 accepted 1
BUS_STORE MEM[1416] = 88 accepted 1
BUS_STORE MEM[1160] = 29 accepted 1
BUS_STORE MEM[1424] = 91 accepted 1
BUS_STORE MEM[1168] = 30 accepted 1
BUS_STORE MEM[1432] = 126 accepted 1
BUS_STORE MEM[1176] = 34 accepted 1
BUS_STORE MEM[1440] = 137 accepted 1
BUS_STORE MEM[1184] = 34 accepted 1
BUS_STORE MEM[1448] = 137 accepted 1
BUS_STORE MEM[1192] = 36 accepted 1
BUS_STORE MEM[1280] = 5 accepted 1
BUS_STORE MEM[1024] = 1 accepted 1
BUS_STORE MEM[1288] = 34 accepted 1
BUS_STORE MEM[1032] = 2 accepted 1
BUS_STORE MEM[1296] = 36 accepted 1
BUS_STORE MEM[1040] = 3 accepted 1
BUS_STORE MEM[1304] = 0 accepted 1
BUS_STORE MEM[1048] = 3 accepted 1
BUS_STORE MEM[1312] = 48 accepted 1
BUS_STORE MEM[1056] = 6 accepted 1
BUS_STORE MEM[1320] = 59 accepted 1
BUS_STORE MEM[1064] = 6 accepted 1
BUS_STORE MEM[1328] = 63 accepted 1
BUS_STORE MEM[1072] = 7 accepted 1
BUS_STORE MEM[1336] = 9 accepted 1
BUS_STORE MEM[1080] = 8 accepted 1
BUS_STORE MEM[1344] = 17 accepted 1
BUS_STORE MEM[1088] = 10 accepted 1
BUS_STORE MEM[1352] = 30 accepted 1
BUS_STORE MEM[1096] = 11 accepted 1
BUS_STORE MEM[1360] = 20 accepted 1
BUS_STORE MEM[1104] = 17 accepted 1
BUS_STORE MEM[1368] = 19 accepted 1
BUS_STORE MEM[1112] = 23 accepted 1
BUS_STORE MEM[1376] = 44 accepted 1
BUS_STORE MEM[1120] = 5 accepted 1
BUS_STORE MEM[1384] = 12 accepted 1
BUS_STORE MEM[1128] = 23 accepted 1
BUS_STORE MEM[1392] = 74 accepted 1
BUS_STORE MEM[1136] = 0 accepted 1
BUS_STORE MEM[1400] = 78 accepted 1
BUS_STORE MEM[1144] = 25 accepted 1
BUS_STORE MEM[1408] = 83 accepted 1
BUS_STORE MEM[1152] = 26 accepted 1
BUS_STORE MEM[1416] = 88 accepted 1
BUS_STORE MEM[1160] = 29 accepted 1
BUS_STORE MEM[1424] = 91 accepted 1
BUS_STORE MEM[1168] = 30 accepted 1
BUS_STORE MEM[1432] = 126 accepted 1
BUS_STORE MEM[1176] = 34 accepted 1
BUS_STORE MEM[1440] = 137 accepted 1
BUS_STORE MEM[1184] = 34 accepted 1
BUS_STORE MEM[1280] = 5 accepted 1
BUS_STORE MEM[1024] = 1 accepted 1
BUS_STORE MEM[1288] = 34 accepted 1
BUS_STORE MEM[1032] = 2 accepted 1
BUS_STORE MEM[1296] = 0 accepted 1
BUS_STORE MEM[1040] = 3 accepted 1
BUS_STORE MEM[1304] = 36 accepted 1
BUS_STORE MEM[1048] = 3 accepted 1
BUS_STORE MEM[1312] = 48 accepted 1
BUS_STORE MEM[1056] = 6 accepted 1
BUS_STORE MEM[1320] = 59 accepted 1
BUS_STORE MEM[1064] = 6 accepted 1
BUS_STORE MEM[1328] = 9 accepted 1
BUS_STORE MEM[1072] = 7 accepted 1
BUS_STORE MEM[1336] = 17 accepted 1
BUS_STORE MEM[1080] = 8 accepted 1
BUS_STORE MEM[1344] = 30 accepted 1
BUS_STORE MEM[1088] = 10 accepted 1
BUS_STORE MEM[1352] = 20 accepted 1
BUS_STORE MEM[1096] = 11 accepted 1
BUS_STORE MEM[1360] = 19 accepted 1
BUS_STORE MEM[1104] = 17 accepted 1
BUS_STORE MEM[1368] = 44 accepted 1
BUS_STORE MEM[1112] = 5 accepted 1
BUS_STORE MEM[1376] = 12 accepted 1
BUS_STORE MEM[1120] = 23 accepted 1
BUS_STORE MEM[1384] = 63 accepted 1
BUS_STORE MEM[1128] = 0 accepted 1
BUS_STORE MEM[1392] = 74 accepted 1
BUS_STORE MEM[1136] = 23 accepted 1
BUS_STORE MEM[1400] = 78 accepted 1
BUS_STORE MEM[1144] = 25 accepted 1
BUS_STORE MEM[1408] = 83 accepted 1
BUS_STORE MEM[1152] = 26 accepted 1
BUS_STORE MEM[1416] = 88 accepted 1
BUS_STORE MEM[1160] = 29 accepted 1
BUS_STORE MEM[1424] = 91 accepted 1
BUS_STORE MEM[1168] = 30 accepted 1
BUS_STORE MEM[1432] = 126 accepted 1
BUS_STORE MEM[1176] = 34 accepted 1
BUS_STORE MEM[1280] = 5 accepted 1
BUS_STORE MEM[1024] = 1 accepted 1
BUS_STORE MEM[1288] = 0 accepted 1
BUS_STORE MEM[1032] = 2 accepted 1
BUS_STORE MEM[1296] = 34 accepted 1
BUS_STORE MEM[1040] = 3 accepted 1
BUS_STORE MEM[1304] = 36 accepted 1
BUS_STORE MEM[1048] = 3 accepted 1
BUS_STORE MEM[1312] = 48 accepted 1
BUS_STORE MEM[1056] = 6 accepted 1
BUS_STORE MEM[1320] = 9 accepted 1
BUS_STORE MEM[1064] = 6 accepted 1
BUS_STORE MEM[1328] = 17 accepted 1
BUS_STORE MEM[1072] = 7 accepted 1
BUS_STORE MEM[1336] = 30 accepted 1
BUS_STORE MEM[1080] = 8 accepted 1
BUS_STORE MEM[1344] = 20 accepted 1
BUS_STORE MEM[1088] = 10 accepted 1
BUS_STORE MEM[1352] = 19 accepted 1
BUS_STORE MEM[1096] = 11 accepted 1
BUS_STORE MEM[1360] = 44 accepted 1
BUS_STORE MEM[1104] = 5 accepted 1
BUS_STORE MEM[1368] = 12 accepted 1
BUS_STORE MEM[1112] = 17 accepted 1
BUS_STORE MEM[1376] = 59 accepted 1
BUS_STORE MEM[1120] = 0 accepted 1
BUS_STORE MEM[1384] = 63 accepted 1
BUS_STORE MEM[1128] = 23 accepted 1
BUS_STORE MEM[1392] = 74 accepted 1
BUS_STORE MEM[1136] = 23 accepted 1
BUS_STORE MEM[1400] = 78 accepted 1
BUS_STORE MEM[1144] = 25 accepted 1
BUS_STORE MEM[1408] = 83 accepted 1
BUS_STORE MEM[1152] = 26 accepted 1
BUS_STORE MEM[1416] = 88 accepted 1
BUS_STORE MEM[1160] = 29 accepted 1
BUS_STORE MEM[1424] = 91 accepted 1
BUS_STORE MEM[1168] = 30 accepted 1
BUS_STORE MEM[1280] = 0 accepted 1
BUS_STORE MEM[1024] = 1 accepted 1
BUS_STORE MEM[1288] = 5 accepted 1
BUS_STORE MEM[1032] = 2 accepted 1
BUS_STORE MEM[1296] = 34 accepted 1
BUS_STORE MEM[1040] = 3 accepted 1
BUS_STORE MEM[1304] = 36 accepted 1
BUS_STORE MEM[1048] = 3 accepted 1
BUS_STORE MEM[1312] = 9 accepted 1
BUS_STORE MEM[1056] = 6 accepted 1
BUS_STORE MEM[1320] = 17 accepted 1
BUS_STORE MEM[1064] = 6 accepted 1
BUS_STORE MEM[1328] = 30 accepted 1
BUS_STORE MEM[1072] = 7 accepted 1
BUS_STORE MEM[1336] = 20 accepted 1
BUS_STORE MEM[1080] = 8 accepted 1
BUS_STORE MEM[1344] = 19 accepted 1
BUS_STORE MEM[1088] = 10 accepted 1
BUS_STORE MEM[1352] = 44 accepted 1
BUS_STORE MEM[1096] = 5 accepted 1
BUS_STORE MEM[1360] = 12 accepted 1
BUS_STORE MEM[1104] = 11 accepted 1
BUS_STORE MEM[1368] = 48 accepted 1
BUS_STORE MEM[1112] = 0 accepted 1
BUS_STORE MEM[1376] = 59 accepted 1
BUS_STORE MEM[1120] = 17 accepted 1
BUS_STORE MEM[1384] = 63 accepted 1
BUS_STORE MEM[1128] = 23 accepted 1
BUS_STORE MEM[1392] = 74 accepted 1
BUS_STORE MEM[1136] = 23 accepted 1
BUS_STORE MEM[1400] = 78 accepted 1
BUS_STORE MEM[1144] = 25 accepted 1
BUS_STORE MEM[1408] = 83 accepted 1
BUS_STORE MEM[1152] = 26 accepted 1
BUS_STORE MEM[1416] = 88 accepted 1
BUS_STORE MEM[1160] = 29 accepted 1
BUS_STORE MEM[1280] = 0 accepted 1
BUS_STORE MEM[1024] = 1 accepted 1
BUS_STORE MEM[1288] = 5 accepted 1
BUS_STORE MEM[1032] = 2 accepted 1
BUS_STORE MEM[1296] = 34 accepted 1
BUS_STORE MEM[1040] = 3 accepted 1
BUS_STORE MEM[1304] = 9 accepted 1
BUS_STORE MEM[1048] = 3 accepted 1
BUS_STORE MEM[1312] = 17 accepted 1
BUS_STORE MEM[1056] = 6 accepted 1
BUS_STORE MEM[1320] = 30 accepted 1
BUS_STORE MEM[1064] = 6 accepted 1
BUS_STORE MEM[1328] = 20 accepted 1
BUS_STORE MEM[1072] = 7 accepted 1
BUS_STORE MEM[1336] = 19 accepted 1
BUS_STORE MEM[1080] = 8 accepted 1
BUS_STORE MEM[1344] = 36 accepted 1
BUS_STORE MEM[1088] = 5 accepted 1
BUS_STORE MEM[1352] = 12 accepted 1
BUS_STORE MEM[1096] = 10 accepted 1
BUS_STORE MEM[1360] = 44 accepted 1
BUS_STORE MEM[1104] = 0 accepted 1
BUS_STORE MEM[1368] = 48 accepted 1
BUS_STORE MEM[1112] = 11 accepted 1
BUS_STORE MEM[1376] = 59 accepted 1
BUS_STORE MEM[1120] = 17 accepted 1
BUS_STORE MEM[1384] = 63 accepted 1
BUS_STORE MEM[1128] = 23 accepted 1
BUS_STORE MEM[1392] = 74 accepted 1
BUS_STORE MEM[1136] = 23 accepted 1
BUS_STORE MEM[1400] = 78 accepted 1
BUS_STORE MEM[1144] = 25 accepted 1
BUS_STORE MEM[1408] = 83 accepted 1
BUS_STORE MEM[1152] = 26 accepted 1
BUS_STORE MEM[1280] = 0 accepted 1
BUS_STORE MEM[1024] = 1 accepted 1
BUS_STORE MEM[1288] = 5 accepted 1
BUS_STORE MEM[1032] = 2 accepted 1
BUS_STORE MEM[1296] = 9 accepted 1
BUS_STORE MEM[1040] = 3 accepted 1
BUS_STORE MEM[1304] = 17 accepted 1
BUS_STORE MEM[1048] = 3 accepted 1
BUS_STORE MEM[1312] = 30 accepted 1
BUS_STORE MEM[1056] = 6 accepted 1
BUS_STORE MEM[1320] = 20 accepted 1
BUS_STORE MEM[1064] = 6 accepted 1
BUS_STORE MEM[1328] = 19 accepted 1
BUS_STORE MEM[1072] = 7 accepted 1
BUS_STORE MEM[1336] = 34 accepted 1
BUS_STORE MEM[1080] = 5 accepted 1
BUS_STORE MEM[1344] = 12 accepted 1
BUS_STORE MEM[1088] = 8 accepted 1
BUS_STORE MEM[1352] = 36 accepted 1
BUS_STORE MEM[1096] = 0 accepted 1
BUS_STORE MEM[1360] = 44 accepted 1
BUS_STORE MEM[1104] = 10 accepted 1
BUS_STORE MEM[1368] = 48 accepted 1
BUS_STORE MEM[1112] = 11 accepted 1
BUS_STORE MEM[1376] = 59 accepted 1
BUS_STORE MEM[1120] = 17 accepted 1
BUS_STORE MEM[1384] = 63 accepted 1
BUS_STORE MEM[1128] = 23 accepted 1
BUS_STORE MEM[1392] = 74 accepted 1
BUS_STORE MEM[1136] = 23 accepted 1
BUS_STORE MEM[1400] = 78 accepted 1
BUS_STORE MEM[1144] = 25 accepted 1
BUS_STORE MEM[1280] = 0 accepted 1
BUS_STORE MEM[1024] = 1 accepted 1
BUS_STORE MEM[1288] = 5 accepted 1
BUS_STORE MEM[1032] = 2 accepted 1
BUS_STORE MEM[1296] = 9 accepted 1
BUS_STORE MEM[1040] = 3 accepted 1
BUS_STORE MEM[1304] = 17 accepted 1
BUS_STORE MEM[1048] = 3 accepted 1
BUS_STORE MEM[1312] = 20 accepted 1
BUS_STORE MEM[1056] = 6 accepted 1
BUS_STORE MEM[1320] = 19 accepted 1
BUS_STORE MEM[1064] = 6 accepted 1
BUS_STORE MEM[1328] = 30 accepted 1
BUS_STORE MEM[1072] = 5 accepted 1
BUS_STORE MEM[1336] = 12 accepted 1
BUS_STORE MEM[1080] = 7 accepted 1
BUS_STORE MEM[1344] = 34 accepted 1
BUS_STORE MEM[1088] = 0 accepted 1
BUS_STORE MEM[1352] = 36 accepted 1
BUS_STORE MEM[1096] = 8 accepted 1
BUS_STORE MEM[1360] = 44 accepted 1
BUS_STORE MEM[1104] = 10 accepted 1
BUS_STORE MEM[1368] = 48 accepted 1
BUS_STORE MEM[1112] = 11 accepted 1
BUS_STORE MEM[1376] = 59 accepted 1
BUS_STORE MEM[1120] = 17 accepted 1
BUS_STORE MEM[1384] = 63 accepted 1
BUS_STORE MEM[1128] = 23 accepted 1
BUS_STORE MEM[1392] = 74 accepted 1
BUS_STORE MEM[1136] = 23 accepted 1
BUS_STORE MEM[1280] = 0 accepted 1
BUS_STORE MEM[1024] = 1 accepted 1
BUS_STORE MEM[1288] = 5 accepted 1
BUS_STORE MEM[1032] = 2 accepted 1
BUS_STORE MEM[1296] = 9 accepted 1
BUS_STORE MEM[1040] = 3 accepted 1
BUS_STORE MEM[1304] = 17 accepted 1
BUS_STORE MEM[1048] = 3 accepted 1
BUS_STORE MEM[1312] = 19 accepted 1
BUS_STORE MEM[1056] = 6 accepted 1
BUS_STORE MEM[1320] = 20 accepted 1
BUS_STORE MEM[1064] = 5 accepted 1
BUS_STORE MEM[1328] = 12 accepted 1
BUS_STORE MEM[1072] = 6 accepted 1
BUS_STORE MEM[1336] = 30 accepted 1
BUS_STORE MEM[1080] = 0 accepted 1
BUS_STORE MEM[1344] = 34 accepted 1
BUS_STORE MEM[1088] = 7 accepted 1
BUS_STORE MEM[1352] = 36 accepted 1
BUS_STORE MEM[1096] = 8 accepted 1
BUS_STORE MEM[1360] = 44 accepted 1
BUS_STORE MEM[1104] = 10 accepted 1
BUS_STORE MEM[1368] = 48 accepted 1
BUS_STORE MEM[1112] = 11 accepted 1
BUS_STORE MEM[1376] = 59 accepted 1
BUS_STORE MEM[1120] = 17 accepted 1
BUS_STORE MEM[1384] = 63 accepted 1
BUS_STORE MEM[1128] = 23 accepted 1
BUS_STORE MEM[1280] = 0 accepted 1
BUS_STORE MEM[1024] = 1 accepted 1
BUS_STORE MEM[1288] = 5 accepted 1
BUS_STORE MEM[1032] = 2 accepted 1
BUS_STORE MEM[1296] = 9 accepted 1
BUS_STORE MEM[1040] = 3 accepted 1
BUS_STORE MEM[1304] = 17 accepted 1
BUS_STORE MEM[1048] = 3 accepted 1
BUS_STORE MEM[1312] = 19 accepted 1
BUS_STORE MEM[1056] = 5 accepted 1
BUS_STORE MEM[1320] = 12 accepted 1
BUS_STORE MEM[1064] = 6 accepted 1
BUS_STORE MEM[1328] = 20 accepted 1
BUS_STORE MEM[1072] = 0 accepted 1
BUS_STORE MEM[1336] = 30 accepted 1
BUS_STORE MEM[1080] = 6 accepted 1
BUS_STORE MEM[1344] = 34 accepted 1
BUS_STORE MEM[1088] = 7 accepted 1
BUS_STORE MEM[1352] = 36 accepted 1
BUS_STORE MEM[1096] = 8 accepted 1
BUS_STORE MEM[1360] = 44 accepted 1
BUS_STORE MEM[1104] = 10 accepted 1
BUS_STORE MEM[1368] = 48 accepted 1
BUS_STORE MEM[1112] = 11 accepted 1
BUS_STORE MEM[1376] = 59 accepted 1
BUS_STORE MEM[1120] = 17 accepted 1
BUS_STORE MEM[1280] = 0 accepted 1
BUS_STORE MEM[1024] = 1 accepted 1
BUS_STORE MEM[1288] = 5 accepted 1
BUS_STORE MEM[1032] = 2 accepted 1
BUS_STORE MEM[1296] = 9 accepted 1
BUS_STORE MEM[1040] = 3 accepted 1
BUS_STORE MEM[1304] = 17 accepted 1
BUS_STORE MEM[1048] = 3 accepted 1
BUS_STORE MEM[1312] = 12 accepted 1
BUS_STORE MEM[1056] = 5 accepted 1
BUS_STORE MEM[1320] = 19 accepted 1
BUS_STORE MEM[1064] = 0 accepted 1
BUS_STORE MEM[1328] = 20 accepted 1
BUS_STORE MEM[1072] = 6 accepted 1
BUS_STORE MEM[1336] = 30 accepted 1
BUS_STORE MEM[1080] = 6 accepted 1
BUS_STORE MEM[1344] = 34 accepted 1
BUS_STORE MEM[1088] = 7 accepted 1
BUS_STORE MEM[1352] = 36 accepted 1
BUS_STORE MEM[1096] = 8 accepted 1
BUS_STORE MEM[1360] = 44 accepted 1
BUS_STORE MEM[1104] = 10 accepted 1
BUS_STORE MEM[1368] = 48 accepted 1
BUS_STORE MEM[1112] = 11 accepted 1
BUS_STORE MEM[1280] = 0 accepted 1
BUS_STORE MEM[1024] = 1 accepted 1
BUS_STORE MEM[1288] = 5 accepted 1
BUS_STORE MEM[1032] = 2 accepted 1
BUS_STORE MEM[1296] = 9 accepted 1
BUS_STORE MEM[1040] = 3 accepted 1
BUS_STORE MEM[1304] = 12 accepted 1
BUS_STORE MEM[1048] = 3 accepted 1
BUS_STORE MEM[1312] = 17 accepted 1
BUS_STORE MEM[1056] = 0 accepted 1
BUS_STORE MEM[1320] = 19 accepted 1
BUS_STORE MEM[1064] = 5 accepted 1
BUS_STORE MEM[1328] = 20 accepted 1
BUS_STORE MEM[1072] = 6 accepted 1
BUS_STORE MEM[1336] = 30 accepted 1
BUS_STORE MEM[1080] = 6 accepted 1
BUS_STORE MEM[1344] = 34 accepted 1
BUS_STORE MEM[1088] = 7 accepted 1
BUS_STORE MEM[1352] = 36 accepted 1
BUS_STORE MEM[1096] = 8 accepted 1
BUS_STORE MEM[1360] = 44 accepted 1
BUS_STORE MEM[1104] = 10 accepted 1
BUS_STORE MEM[1280] = 0 accepted 1
BUS_STORE MEM[1024] = 1 accepted 1
BUS_STORE MEM[1288] = 5 accepted 1
BUS_STORE MEM[1032] = 2 accepted 1
BUS_STORE MEM[1296] = 9 accepted 1
BUS_STORE MEM[1040] = 3 accepted 1
BUS_STORE MEM[1304] = 12 accepted 1
BUS_STORE MEM[1048] = 0 accepted 1
BUS_STORE MEM[1312] = 17 accepted 1
BUS_STORE MEM[1056] = 3 accepted 1
BUS_STORE MEM[1320] = 19 accepted 1
BUS_STORE MEM[1064] = 5 accepted 1
BUS_STORE MEM[1328] = 20 accepted 1
BUS_STORE MEM[1072] = 6 accepted 1
BUS_STORE MEM[1336] = 30 accepted 1
BUS_STORE MEM[1080] = 6 accepted 1
BUS_STORE MEM[1344] = 34 accepted 1
BUS_STORE MEM[1088] = 7 accepted 1
BUS_STORE MEM[1352] = 36 accepted 1
BUS_STORE MEM[1096] = 8 accepted 1
BUS_STORE MEM[1280] = 0 accepted 1
BUS_STORE MEM[1024] = 1 accepted 1
BUS_STORE MEM[1288] = 5 accepted 1
BUS_STORE MEM[1032] = 2 accepted 1
BUS_STORE MEM[1296] = 9 accepted 1
BUS_STORE MEM[1040] = 0 accepted 1
BUS_STORE MEM[1304] = 12 accepted 1
BUS_STORE MEM[1048] = 3 accepted 1
BUS_STORE MEM[1312] = 17 accepted 1
BUS_STORE MEM[1056] = 3 accepted 1
BUS_STORE MEM[1320] = 19 accepted 1
BUS_STORE MEM[1064] = 5 accepted 1
BUS_STORE MEM[1328] = 20 accepted 1
BUS_STORE MEM[1072] = 6 accepted 1
BUS_STORE MEM[1336] = 30 accepted 1
BUS_STORE MEM[1080] = 6 accepted 1
BUS_STORE MEM[1344] = 34 accepted 1
BUS_STORE MEM[1088] = 7 accepted 1
BUS_STORE MEM[1280] = 0 accepted 1
BUS_STORE MEM[1024] = 1 accepted 1
BUS_STORE MEM[1288] = 5 accepted 1
BUS_STORE MEM[1032] = 0 accepted 1
BUS_STORE MEM[1296] = 9 accepted 1
BUS_STORE MEM[1040] = 2 accepted 1
BUS_STORE MEM[1304] = 12 accepted 1
BUS_STORE MEM[1048] = 3 accepted 1
BUS_STORE MEM[1312] = 17 accepted 1
BUS_STORE MEM[1056] = 3 accepted 1
BUS_STORE MEM[1320] = 19 accepted 1
BUS_STORE MEM[1064] = 5 accepted 1
BUS_STORE MEM[1328] = 20 accepted 1
BUS_STORE MEM[1072] = 6 accepted 1
BUS_STORE MEM[1336] = 30 accepted 1
BUS_STORE MEM[1080] = 6 accepted 1
BUS_STORE MEM[1280] = 0 accepted 1
BUS_STORE MEM[1024] = 0 accepted 1
BUS_STORE MEM[1288] = 5 accepted 1
BUS_STORE MEM[1032] = 1 accepted 1
BUS_STORE MEM[1296] = 9 accepted 1
BUS_STORE MEM[1040] = 2 accepted 1
BUS_STORE MEM[1304] = 12 accepted 1
BUS_STORE MEM[1048] = 3 accepted 1
BUS_STORE MEM[1312] = 17 accepted 1
BUS_STORE MEM[1056] = 3 accepted 1
BUS_STORE MEM[1320] = 19 accepted 1
BUS_STORE MEM[1064] = 5 accepted 1
BUS_STORE MEM[1328] = 20 accepted 1
BUS_STORE MEM[1072] = 6 accepted 1
BUS_STORE MEM[1280] = 0 accepted 1
BUS_STORE MEM[1024] = 0 accepted 1
BUS_STORE MEM[1288] = 5 accepted 1
BUS_STORE MEM[1032] = 1 accepted 1
BUS_STORE MEM[1296] = 9 accepted 1
BUS_STORE MEM[1040] = 2 accepted 1
BUS_STORE MEM[1304] = 12 accepted 1
BUS_STORE MEM[1048] = 3 accepted 1
BUS_STORE MEM[1312] = 17 accepted 1
BUS_STORE MEM[1056] = 3 accepted 1
BUS_STORE MEM[1320] = 19 accepted 1
BUS_STORE MEM[1064] = 5 accepted 1
BUS_STORE MEM[1280] = 0 accepted 1
BUS_STORE MEM[1024] = 0 accepted 1
BUS_STORE MEM[1288] = 5 accepted 1
BUS_STORE MEM[1032] = 1 accepted 1
BUS_STORE MEM[1296] = 9 accepted 1
BUS_STORE MEM[1040] = 2 accepted 1
BUS_STORE MEM[1304] = 12 accepted 1
BUS_STORE MEM[1048] = 3 accepted 1
BUS_STORE MEM[1312] = 17 accepted 1
BUS_STORE MEM[1056] = 3 accepted 1
BUS_STORE MEM[1280] = 0 accepted 1
BUS_STORE MEM[1024] = 0 accepted 1
BUS_STORE MEM[1288] = 5 accepted 1
BUS_STORE MEM[1032] = 1 accepted 1
BUS_STORE MEM[1296] = 9 accepted 1
BUS_STORE MEM[1040] = 2 accepted 1
BUS_STORE MEM[1304] = 12 accepted 1
BUS_STORE MEM[1048] = 3 accepted 1
BUS_STORE MEM[1280] = 0 accepted 1
BUS_STORE MEM[1024] = 0 accepted 1
BUS_STORE MEM[1288] = 5 accepted 1
BUS_STORE MEM[1032] = 1 accepted 1
BUS_STORE MEM[1296] = 9 accepted 1
BUS_STORE MEM[1040] = 2 accepted 1
BUS_STORE MEM[1280] = 0 accepted 1
BUS_STORE MEM[1024] = 0 accepted 1
BUS_STORE MEM[1288] = 5 accepted 1
BUS_STORE MEM[1032] = 1 accepted 1
BUS_STORE MEM[3072] = 0 accepted 2
BUS_STORE MEM[3576] = 284 accepted 1
BUS_STORE MEM[3080] = 0 accepted 1
BUS_STORE MEM[3568] = 202 accepted 1
BUS_STORE MEM[3088] = 1 accepted 1
BUS_STORE MEM[3560] = 187 accepted 1
BUS_STORE MEM[3096] = 2 accepted 1
BUS_STORE MEM[3552] = 175 accepted 1
BUS_STORE MEM[3104] = 3 accepted 1
BUS_STORE MEM[3544] = 163 accepted 1
BUS_STORE MEM[3112] = 3 accepted 1
BUS_STORE MEM[3536] = 159 accepted 1
BUS_STORE MEM[3120] = 5 accepted 1
BUS_STORE MEM[3528] = 153 accepted 1
BUS_STORE MEM[3128] = 5 accepted 1
BUS_STORE MEM[3520] = 149 accepted 1
BUS_STORE MEM[3136] = 6 accepted 1
BUS_STORE MEM[3512] = 148 accepted 1
BUS_STORE MEM[3144] = 6 accepted 1
BUS_STORE MEM[3504] = 145 accepted 1
BUS_STORE MEM[3152] = 7 accepted 1
BUS_STORE MEM[3496] = 143 accepted 1
BUS_STORE MEM[3160] = 8 accepted 1
BUS_STORE MEM[3488] = 137 accepted 1
BUS_STORE MEM[3168] = 9 accepted 1
BUS_STORE MEM[3480] = 137 accepted 1
BUS_STORE MEM[3176] = 10 accepted 1
BUS_STORE MEM[3472] = 126 accepted 1
BUS_STORE MEM[3184] = 11 accepted 1
BUS_STORE MEM[3464] = 99 accepted 1
BUS_STORE MEM[3192] = 12 accepted 1
BUS_STORE MEM[3456] = 96 accepted 1
BUS_STORE MEM[3200] = 17 accepted 1
BUS_STORE MEM[3448] = 91 accepted 1
BUS_STORE MEM[3208] = 17 accepted 1
BUS_STORE MEM[3440] = 88 accepted 1
BUS_STORE MEM[3216] = 19 accepted 1
BUS_STORE MEM[3432] = 86 accepted 1
BUS_STORE MEM[3224] = 20 accepted 1
BUS_STORE MEM[3424] = 83 accepted 1
BUS_STORE MEM[3232] = 23 accepted 1
BUS_STORE MEM[3416] = 78 accepted 1
BUS_STORE MEM[3240] = 23 accepted 1
BUS_STORE MEM[3408] = 74 accepted 1
BUS_STORE MEM[3248] = 25 accepted 1
BUS_STORE MEM[3400] = 65 accepted 1
BUS_STORE MEM[3256] = 26 accepted 1
BUS_STORE MEM[3392] = 63 accepted 1
BUS_STORE MEM[3264] = 29 accepted 1
BUS_STORE MEM[3384] = 63 accepted 1
BUS_STORE MEM[3272] = 30 accepted 1
BUS_STORE MEM[3376] = 59 accepted 1
BUS_STORE MEM[3280] = 30 accepted 1
BUS_STORE MEM[3368] = 58 accepted 1
BUS_STORE MEM[3288] = 34 accepted 1
BUS_STORE MEM[3360] = 48 accepted 1
BUS_STORE MEM[3296] = 34 accepted 1
BUS_STORE MEM[3352] = 44 accepted 1
BUS_STORE MEM[3304] = 34 accepted 1
BUS_STORE MEM[3344] = 40 accepted 1
BUS_STORE MEM[3312] = 36 accepted 1
BUS_STORE MEM[3336] = 39 accepted 1
BUS_STORE MEM[3320] = 36 accepted 1
BUS_STORE MEM[3328] = 36 accepted 1
