4:br
300:lda
304:lda
308:lda
312:lda
316:ldq
320:mulq
324:ldq
328:addq
332:stq
336:addq
340:addq
344:addq
348:cmpult
352:bne
316:ldq
320:mulq
324:ldq
328:addq
332:stq
336:addq
340:addq
344:addq
348:cmpult
352:bne
316:ldq
320:mulq
324:ldq
328:addq
332:stq
336:addq
340:addq
344:addq
348:cmpult
352:bne
316:ldq
320:mulq
324:ldq
328:addq
332:stq
336:addq
340:addq
344:addq
348:cmpult
352:bne
316:ldq
320:mulq
324:ldq
328:addq
332:stq
336:addq
340:addq
344:addq
348:cmpult
352:bne
316:ldq
320:mulq
324:ldq
328:addq
332:stq
336:addq
340:addq
344:addq
348:cmpult
352:bne
316:ldq
320:mulq
324:ldq
328:addq
332:stq
336:addq
340:addq
344:addq
348:cmpult
352:bne
316:ldq
320:mulq
324:ldq
328:addq
332:stq
336:addq
340:addq
344:addq
348:cmpult
352:bne
316:ldq
320:mulq
324:ldq
328:addq
332:stq
336:addq
340:addq
344:addq
348:cmpult
352:bne
316:ldq
320:mulq
324:ldq
328:addq
332:stq
336:addq
340:addq
344:addq
348:cmpult
352:bne
316:ldq
320:mulq
324:ldq
328:addq
332:stq
336:addq
340:addq
344:addq
348:cmpult
352:bne
316:ldq
320:mulq
324:ldq
328:addq
332:stq
336:addq
340:addq
344:addq
348:cmpult
352:bne
316:ldq
320:mulq
324:ldq
328:addq
332:stq
336:addq
340:addq
344:addq
348:cmpult
352:bne
316:ldq
320:mulq
324:ldq
328:addq
332:stq
336:addq
340:addq
344:addq
348:cmpult
352:bne
316:ldq
320:mulq
324:ldq
328:addq
332:stq
336:addq
340:addq
344:addq
348:cmpult
352:bne
316:ldq
320:mulq
324:ldq
328:addq
332:stq
336:addq
340:addq
344:addq
348:cmpult
352:bne
316:ldq
320:mulq
324:ldq
328:addq
332:stq
336:addq
340:addq
344:addq
348:cmpult
352:bne
316:ldq
320:mulq
324:ldq
328:addq
332:stq
336:addq
340:addq
344:addq
348:cmpult
352:bne
356:halt
