r5=0
r6=9999
r0=8
r1=152
r2=3
r2=29997
r3=1
r2=29998
r0=16
r1=160
r5=1
r4=1
r2=1
r2=9999
r3=4
r2=10003
r0=24
r1=168
r5=2
r4=1
r2=4
r2=39996
r3=1
r2=39997
r0=32
r1=176
r5=3
r4=1
r2=1
r2=9999
r3=4
r2=10003
r0=40
r1=184
r5=4
r4=1
r2=5
r2=49995
r3=2
r2=49997
r0=48
r1=192
r5=5
r4=1
r2=9
r2=89991
r3=1
r2=89992
r0=56
r1=200
r5=6
r4=1
r2=2
r2=19998
r3=3
r2=20001
r0=64
r1=208
r5=7
r4=1
r2=6
r2=59994
r3=5
r2=59999
r0=72
r1=216
r5=8
r4=1
r2=5
r2=49995
r3=6
r2=50001
r0=80
r1=224
r5=9
r4=1
r2=3
r2=29997
r3=2
r2=29999
r0=88
r1=232
r5=10
r4=1
r2=5
r2=49995
r3=3
r2=49998
r0=96
r1=240
r5=11
r4=1
r2=8
r2=79992
r3=7
r2=79999
r0=104
r1=248
r5=12
r4=1
r2=9
r2=89991
r3=3
r2=89994
r0=112
r1=256
r5=13
r4=1
r2=7
r2=69993
r3=0
r2=69993
r0=120
r1=264
r5=14
r4=1
r2=9
r2=89991
r3=9
r2=90000
r0=128
r1=272
r5=15
r4=1
r2=3
r2=29997
r3=5
r2=30002
r0=136
r1=280
r5=16
r4=1
r2=2
r2=19998
r3=0
r2=19998
r0=144
r1=288
r5=17
r4=1
r2=3
r2=29997
r3=4
r2=30001
r0=152
r1=296
r5=18
r4=0
