BUS_STORE MEM[4088] = 12 accepted 1
BUS_STORE MEM[4064] = 4 accepted 1
BUS_STORE MEM[4056] = 56 accepted 1
BUS_STORE MEM[4032] = 3 accepted 1
BUS_STORE MEM[4024] = 56 accepted 1
BUS_STORE MEM[4000] = 2 accepted 1
BUS_STORE MEM[4008] = 1 accepted 1
BUS_STORE MEM[4040] = 2 accepted 1
BUS_STORE MEM[4072] = 3 accepted 1
BUS_STORE MEM[4056] = 72 accepted 1
BUS_STORE MEM[4032] = 2 accepted 1
BUS_STORE MEM[4040] = 1 accepted 1
BUS_STORE MEM[1024] = 5 accepted 1
