r30=4096
r16=4
r26=12
r1=0
r30=4064
r16=3
r26=56
r1=0
r30=4032
r16=2
r26=56
r1=0
r30=4000
r16=1
r26=56
r1=1
r0=1
r16=2
r16=0
r26=72
r0=1
r1=1
r0=2
r26=56
r30=4032
r16=3
r16=1
r26=72
r1=1
r0=1
r1=2
r0=3
r26=56
r30=4064
r16=4
r16=2
r26=72
r1=0
r30=4032
r16=1
r26=56
r1=1
r0=1
r16=2
r16=0
r26=72
r0=1
r1=1
r0=2
r26=72
r30=4064
r1=3
r0=5
r26=12
r30=4096
r1=1024
