BUS_STORE MEM[16] = 3 accepted 1
BUS_STORE MEM[8] = 1 accepted 1
BUS_STORE MEM[32] = 4 accepted 1
BUS_STORE MEM[24] = 1 accepted 1
BUS_STORE MEM[56] = 9 accepted 1
BUS_STORE MEM[48] = 2 accepted 1
BUS_STORE MEM[64] = 9 accepted 1
BUS_STORE MEM[56] = 6 accepted 1
BUS_STORE MEM[72] = 9 accepted 1
BUS_STORE MEM[64] = 5 accepted 1
BUS_STORE MEM[80] = 9 accepted 1
BUS_STORE MEM[72] = 3 accepted 1
BUS_STORE MEM[88] = 9 accepted 1
BUS_STORE MEM[80] = 5 accepted 1
BUS_STORE MEM[96] = 9 accepted 1
BUS_STORE MEM[88] = 8 accepted 1
BUS_STORE MEM[104] = 9 accepted 1
BUS_STORE MEM[96] = 9 accepted 1
BUS_STORE MEM[112] = 9 accepted 1
BUS_STORE MEM[104] = 7 accepted 1
BUS_STORE MEM[120] = 9 accepted 1
BUS_STORE MEM[112] = 9 accepted 1
BUS_STORE MEM[128] = 9 accepted 1
BUS_STORE MEM[120] = 3 accepted 1
BUS_STORE MEM[24] = 3 accepted 1
BUS_STORE MEM[16] = 1 accepted 1
BUS_STORE MEM[48] = 5 accepted 1
BUS_STORE MEM[40] = 2 accepted 1
BUS_STORE MEM[64] = 6 accepted 1
BUS_STORE MEM[56] = 5 accepted 1
BUS_STORE MEM[72] = 6 accepted 1
BUS_STORE MEM[64] = 3 accepted 1
BUS_STORE MEM[80] = 6 accepted 1
BUS_STORE MEM[72] = 5 accepted 1
BUS_STORE MEM[104] = 9 accepted 1
BUS_STORE MEM[96] = 7 accepted 1
BUS_STORE MEM[112] = 9 accepted 1
BUS_STORE MEM[104] = 9 accepted 1
BUS_STORE MEM[120] = 9 accepted 1
BUS_STORE MEM[112] = 3 accepted 1
BUS_STORE MEM[128] = 9 accepted 1
BUS_STORE MEM[120] = 9 accepted 1
BUS_STORE MEM[16] = 1 accepted 1
BUS_STORE MEM[8] = 1 accepted 1
BUS_STORE MEM[40] = 4 accepted 1
BUS_STORE MEM[32] = 2 accepted 1
BUS_STORE MEM[56] = 5 accepted 1
BUS_STORE MEM[48] = 5 accepted 1
BUS_STORE MEM[64] = 5 accepted 1
BUS_STORE MEM[56] = 3 accepted 1
BUS_STORE MEM[72] = 5 accepted 1
BUS_STORE MEM[64] = 5 accepted 1
BUS_STORE MEM[96] = 8 accepted 1
BUS_STORE MEM[88] = 7 accepted 1
BUS_STORE MEM[112] = 9 accepted 1
BUS_STORE MEM[104] = 3 accepted 1
BUS_STORE MEM[120] = 9 accepted 1
BUS_STORE MEM[112] = 9 accepted 1
BUS_STORE MEM[16] = 1 accepted 1
BUS_STORE MEM[8] = 1 accepted 1
BUS_STORE MEM[32] = 3 accepted 1
BUS_STORE MEM[24] = 2 accepted 1
BUS_STORE MEM[56] = 5 accepted 1
BUS_STORE MEM[48] = 3 accepted 1
BUS_STORE MEM[64] = 5 accepted 1
BUS_STORE MEM[56] = 5 accepted 1
BUS_STORE MEM[72] = 5 accepted 1
BUS_STORE MEM[64] = 5 accepted 1
BUS_STORE MEM[104] = 8 accepted 1
BUS_STORE MEM[96] = 3 accepted 1
BUS_STORE MEM[16] = 1 accepted 1
BUS_STORE MEM[8] = 1 accepted 1
BUS_STORE MEM[48] = 4 accepted 1
BUS_STORE MEM[40] = 3 accepted 1
BUS_STORE MEM[64] = 5 accepted 1
BUS_STORE MEM[56] = 5 accepted 1
BUS_STORE MEM[72] = 5 accepted 1
BUS_STORE MEM[64] = 5 accepted 1
BUS_STORE MEM[96] = 7 accepted 1
BUS_STORE MEM[88] = 3 accepted 1
BUS_STORE MEM[16] = 1 accepted 1
BUS_STORE MEM[8] = 1 accepted 1
BUS_STORE MEM[40] = 3 accepted 1
BUS_STORE MEM[32] = 3 accepted 1
BUS_STORE MEM[64] = 5 accepted 1
BUS_STORE MEM[56] = 5 accepted 1
BUS_STORE MEM[72] = 5 accepted 1
BUS_STORE MEM[64] = 5 accepted 1
BUS_STORE MEM[88] = 6 accepted 1
BUS_STORE MEM[80] = 3 accepted 1
BUS_STORE MEM[16] = 1 accepted 1
BUS_STORE MEM[8] = 1 accepted 1
BUS_STORE MEM[40] = 3 accepted 1
BUS_STORE MEM[32] = 3 accepted 1
BUS_STORE MEM[64] = 5 accepted 1
BUS_STORE MEM[56] = 5 accepted 1
BUS_STORE MEM[72] = 5 accepted 1
BUS_STORE MEM[64] = 5 accepted 1
BUS_STORE MEM[80] = 5 accepted 1
BUS_STORE MEM[72] = 3 accepted 1
BUS_STORE MEM[16] = 1 accepted 1
BUS_STORE MEM[8] = 1 accepted 1
BUS_STORE MEM[40] = 3 accepted 1
BUS_STORE MEM[32] = 3 accepted 1
BUS_STORE MEM[64] = 5 accepted 1
BUS_STORE MEM[56] = 5 accepted 1
BUS_STORE MEM[72] = 5 accepted 1
BUS_STORE MEM[64] = 3 accepted 1
BUS_STORE MEM[80] = 5 accepted 1
BUS_STORE MEM[72] = 5 accepted 1
BUS_STORE MEM[16] = 1 accepted 1
BUS_STORE MEM[8] = 1 accepted 1
BUS_STORE MEM[40] = 3 accepted 1
BUS_STORE MEM[32] = 3 accepted 1
BUS_STORE MEM[64] = 5 accepted 1
BUS_STORE MEM[56] = 3 accepted 1
BUS_STORE MEM[72] = 5 accepted 1
BUS_STORE MEM[64] = 5 accepted 1
BUS_STORE MEM[16] = 1 accepted 1
BUS_STORE MEM[8] = 1 accepted 1
BUS_STORE MEM[40] = 3 accepted 1
BUS_STORE MEM[32] = 3 accepted 1
BUS_STORE MEM[56] = 4 accepted 1
BUS_STORE MEM[48] = 3 accepted 1
BUS_STORE MEM[16] = 1 accepted 1
BUS_STORE MEM[8] = 1 accepted 1
BUS_STORE MEM[40] = 3 accepted 1
BUS_STORE MEM[32] = 3 accepted 1
BUS_STORE MEM[48] = 3 accepted 1
BUS_STORE MEM[40] = 3 accepted 1
BUS_STORE MEM[16] = 1 accepted 1
BUS_STORE MEM[8] = 1 accepted 1
BUS_STORE MEM[40] = 3 accepted 1
BUS_STORE MEM[32] = 3 accepted 1
BUS_STORE MEM[48] = 3 accepted 1
BUS_STORE MEM[40] = 3 accepted 1
BUS_STORE MEM[16] = 1 accepted 1
BUS_STORE MEM[8] = 1 accepted 1
BUS_STORE MEM[40] = 3 accepted 1
BUS_STORE MEM[32] = 3 accepted 1
BUS_STORE MEM[16] = 1 accepted 1
BUS_STORE MEM[8] = 1 accepted 1
BUS_STORE MEM[16] = 1 accepted 1
BUS_STORE MEM[8] = 1 accepted 1
BUS_STORE MEM[16] = 1 accepted 1
BUS_STORE MEM[8] = 1 accepted 1
