4:lda
8:lda
12:lda
16:lda
20:lda
24:lda
28:lda
32:lda
36:lda
40:lda
44:lda
48:lda
52:lda
56:subq
60:mulq
64:stq
68:mulq
72:stq
76:mulq
80:stq
84:mulq
88:stq
92:mulq
96:stq
100:mulq
104:stq
108:mulq
112:stq
116:mulq
120:stq
124:mulq
128:stq
132:stq
136:stq
140:stq
144:stq
148:stq
152:stq
156:stq
160:stq
164:stq
168:stq
172:stq
176:stq
180:stq
184:stq
188:stq
192:stq
196:stq
200:stq
204:mulq
208:stq
212:stq
216:mulq
220:stq
224:mulq
228:mulq
232:stq
236:stq
240:mulq
244:stq
248:addq
252:addq
256:addq
260:stq
264:stq
268:stq
272:stq
276:stq
280:stq
284:stq
288:stq
292:stq
296:addq
300:bne
56:subq
60:mulq
64:stq
68:mulq
72:stq
76:mulq
80:stq
84:mulq
88:stq
92:mulq
96:stq
100:mulq
104:stq
108:mulq
112:stq
116:mulq
120:stq
124:mulq
128:stq
132:stq
136:stq
140:stq
144:stq
148:stq
152:stq
156:stq
160:stq
164:stq
168:stq
172:stq
176:stq
180:stq
184:stq
188:stq
192:stq
196:stq
200:stq
204:mulq
208:stq
212:stq
216:mulq
220:stq
224:mulq
228:mulq
232:stq
236:stq
240:mulq
244:stq
248:addq
252:addq
256:addq
260:stq
264:stq
268:stq
272:stq
276:stq
280:stq
284:stq
288:stq
292:stq
296:addq
300:bne
56:subq
60:mulq
64:stq
68:mulq
72:stq
76:mulq
80:stq
84:mulq
88:stq
92:mulq
96:stq
100:mulq
104:stq
108:mulq
112:stq
116:mulq
120:stq
124:mulq
128:stq
132:stq
136:stq
140:stq
144:stq
148:stq
152:stq
156:stq
160:stq
164:stq
168:stq
172:stq
176:stq
180:stq
184:stq
188:stq
192:stq
196:stq
200:stq
204:mulq
208:stq
212:stq
216:mulq
220:stq
224:mulq
228:mulq
232:stq
236:stq
240:mulq
244:stq
248:addq
252:addq
256:addq
260:stq
264:stq
268:stq
272:stq
276:stq
280:stq
284:stq
288:stq
292:stq
296:addq
300:bne
304:halt
