4:lda
8:lda
12:lda
16:lda
20:lda
24:lda
28:lda
32:lda
36:lda
40:mulq
44:stq
48:mulq
52:stq
56:mulq
60:stq
64:mulq
68:stq
72:mulq
76:stq
80:mulq
84:stq
88:mulq
92:stq
96:mulq
100:stq
104:mulq
108:stq
112:stq
116:stq
120:stq
124:stq
128:stq
132:stq
136:stq
140:stq
144:stq
148:stq
152:stq
156:stq
160:stq
164:stq
168:stq
172:stq
176:stq
180:halt
