Chronologic VCS simulator copyright 1991-2012
Contains Synopsys proprietary information.
Compiler version G-2012.09_Full64; Runtime version G-2012.09_Full64;  Dec 10 00:19 2012
@@
@@
@@                     0  Asserting System reset......
@@
@@                     0 : System STILL at reset, can't show anything
@@
@@
@@                   100 : System STILL at reset, can't show anything
@@
@@
@@                   200 : System STILL at reset, can't show anything
@@
@@
@@                   300 : System STILL at reset, can't show anything
@@
@@                   360  Deasserting System reset......
@@
@@
@@@ Unified Memory contents hex on left, decimal on right: 
@@@
@@@ mem[    0] = 203f0008201f0000 : 2323575967645106176
@@@ mem[    8] = 207f0018205f0010 : 2341590434878259216
@@@ mem[   16] = 20bf0028209f0020 : 2359604902111412256
@@@ mem[   24] = 20ff003820df0030 : 2377619369344565296
@@@ mem[   32] = 213f0008211f0040 : 2395633561699811392
@@@ mem[   40] = 23bf0001215f0008 : 2575777516734054408
@@@ mem[   48] = 43dd053e23df0003 : 4890070534842155011
@@@ mem[   56] = b40010204c000400 : 12970384657727095808
@@@ mem[   64] = b42110084c010401 : 12979673228879397889
@@@ mem[   72] = b44210084c220402 : 12988961903113012226
@@@ mem[   80] = b46310084c430403 : 12998250577346626563
@@@ mem[   88] = b48410184c640404 : 13007539320299717636
@@@ mem[   96] = b4a510284c850405 : 13016828063252808709
@@@ mem[  104] = b4c610384ca60406 : 13026116806205899782
@@@ mem[  112] = b4e710484cc10401 : 13035405549158597633
@@@ mem[  120] = b52a10504ce80408 : 13054264406960505864
@@@ mem[  128] = b52a1068b5491058 : 13054264511790911576
@@@ mem[  136] = b52a1038b5491048 : 13054264305632481352
@@@ mem[  144] = b52a1018b5491028 : 13054264168193527848
@@@ mem[  152] = b52a1258b5491008 : 13054266642094690312
@@@ mem[  160] = b52a1258b5491258 : 13054266642094690904
@@@ mem[  168] = b52a1258b5491258 : 13054266642094690904
@@@ mem[  176] = b52a1258b5491258 : 13054266642094690904
@@@ mem[  184] = b52a1258b5491258 : 13054266642094690904
@@@ mem[  192] = b52a1050b5491258 : 13054264408711696984
@@@ mem[  200] = b4e312004c220403 : 13034281539026945027
@@@ mem[  208] = 4c610403b4e21350 : 5503684633589584720
@@@ mem[  216] = 4ce80408b4e31450 : 5541683776920425552
@@@ mem[  224] = b4e114804ce80408 : 13033721337865569288
@@@ mem[  232] = 4c810402b4e41590 : 5512691828549490064
@@@ mem[  240] = 40220403b4e11690 : 4621260581601613456
@@@ mem[  248] = 4022040340220403 : 4621260579642934275
@@@ mem[  256] = b4e31690b4e31690 : 13034286557306230416
@@@ mem[  264] = b4a31690b4e31690 : 13016272158796748432
@@@ mem[  272] = b4e31690b4e31690 : 13034286557306230416
@@@ mem[  280] = b4e31690b4e31690 : 13034286557306230416
@@@ mem[  288] = 40220403b4e31690 : 4621260581601744528
@@@ mem[  296] = 00000555f7dfffc2 : 5866789011394
@@@
@@@ mem[ 4112] = 0000000000000008 : 8
@@@
@@@ mem[ 4128] = 0000000000000008 : 8
@@@
@@@ mem[ 4144] = 0000000000000008 : 8
@@@
@@@ mem[ 4160] = 0000000000000008 : 8
@@@
@@@ mem[ 4176] = 0000000000000008 : 8
@@@ mem[ 4184] = 0000000000000008 : 8
@@@ mem[ 4192] = 0000000000000008 : 8
@@@
@@@ mem[ 4208] = 0000000000000008 : 8
@@@
@@@ mem[ 4224] = 0000000000000038 : 56
@@@
@@@ mem[ 4608] = 0000000000000038 : 56
@@@
@@@ mem[ 4704] = 0000000000000008 : 8
@@@
@@@ mem[ 4944] = 0000000000000038 : 56
@@@
@@@ mem[ 5200] = 0000000000000038 : 56
@@@
@@@ mem[ 5248] = 0000000000000038 : 56
@@@
@@@ mem[ 5520] = 0000000000000038 : 56
@@@
@@@ mem[ 5776] = 0000000000000038 : 56
@@@
@@@
@@                108320 : System halted
@@
@@@ System halted on HALT instruction
@@@
@@
@@  1080 cycles / 199 instrs = 5.427136 CPI
@@
@@  32370.00 ns total time to execute
@@

$finish called from file "testbench/testbench.v", line 290.
$finish at simulation time               109320
           V C S   S i m u l a t i o n   R e p o r t 
Time: 10932000 ps
CPU Time:      0.470 seconds;       Data structure size:   0.1Mb
Mon Dec 10 00:19:54 2012
