BUS_STORE MEM[4128] = 0 accepted 1
BUS_STORE MEM[4104] = 0 accepted 1
BUS_STORE MEM[4104] = 0 accepted 1
BUS_STORE MEM[4104] = 0 accepted 1
BUS_STORE MEM[4120] = 0 accepted 1
BUS_STORE MEM[4136] = 0 accepted 1
BUS_STORE MEM[4152] = 0 accepted 1
BUS_STORE MEM[4224] = 56 accepted 1
BUS_STORE MEM[4176] = 3584 accepted 1
BUS_STORE MEM[4184] = 56 accepted 1
BUS_STORE MEM[4200] = 0 accepted 1
BUS_STORE MEM[4224] = 0 accepted 1
BUS_STORE MEM[4152] = 0 accepted 1
BUS_STORE MEM[4136] = 0 accepted 1
BUS_STORE MEM[4120] = 0 accepted 1
BUS_STORE MEM[4104] = 0 accepted 1
BUS_STORE MEM[8280] = 3584 accepted 1
BUS_STORE MEM[8280] = 3584 accepted 1
BUS_STORE MEM[8280] = 3584 accepted 1
BUS_STORE MEM[8280] = 3584 accepted 1
BUS_STORE MEM[8280] = 3584 accepted 1
BUS_STORE MEM[8280] = 3584 accepted 1
BUS_STORE MEM[8280] = 3584 accepted 1
BUS_STORE MEM[8280] = 3584 accepted 1
BUS_STORE MEM[8280] = 3584 accepted 1
BUS_STORE MEM[8280] = 3584 accepted 1
