BUS_STORE MEM[4096] = 2 accepted 1
BUS_STORE MEM[4104] = 2 accepted 1
BUS_STORE MEM[4096] = 4096 accepted 1
