PC=0000000000000000, REG[ 1]=0000000000000004
PC=0000000000000004, REG[ 2]=0000000000000002
PC=0000000000000008, REG[ 3]=0000000000000020
PC=000000000000000c, REG[ 4]=0000000000000010
PC=0000000000000010, ---
