PC=0000000000000000, REG[ 1]=0000000000000004
PC=0000000000000004, REG[ 2]=0000000000000002
PC=0000000000000008, REG[ 3]=000000000000000c
PC=000000000000000c, REG[ 4]=000000000000000a
PC=0000000000000010, ---
