Chronologic VCS simulator copyright 1991-2012
Contains Synopsys proprietary information.
Compiler version G-2012.09_Full64; Runtime version G-2012.09_Full64;  Dec 10 00:20 2012
@@
@@
@@                     0  Asserting System reset......
@@
@@                     0 : System STILL at reset, can't show anything
@@
@@
@@                   100 : System STILL at reset, can't show anything
@@
@@
@@                   200 : System STILL at reset, can't show anything
@@
@@
@@                   300 : System STILL at reset, can't show anything
@@
@@                   360  Deasserting System reset......
@@
@@
@@@ Unified Memory contents hex on left, decimal on right: 
@@@
@@@ mem[    0] = 205f0002203f0002 : 2332583141132140546
@@@ mem[    8] = 209f0004207f0003 : 2350597548235751427
@@@ mem[   16] = 4c2104054c210401 : 5485670241912554497
@@@ mem[   24] = 4ca604054ca10406 : 5523106413823460358
@@@ mem[   32] = 0000000000000555 : 1365
@@@
@@@
@@                  6220 : System halted
@@
@@@ System halted on HALT instruction
@@@
@@
@@  59 cycles / 8 instrs = 7.375000 CPI
@@
@@  1740.00 ns total time to execute
@@

$finish called from file "testbench/testbench.v", line 290.
$finish at simulation time                 7220
           V C S   S i m u l a t i o n   R e p o r t 
Time: 722000 ps
CPU Time:      0.430 seconds;       Data structure size:   0.1Mb
Mon Dec 10 00:20:00 2012
